<html>
<body>
<pre>
<h1>礦ision Build Log</h1>
<h2>Tool Versions:</h2>
IDE-Version: μVision V5.14.0.0
Copyright (C) 2015 ARM Ltd and ARM Germany GmbH. All rights reserved.
License Information: f XT, f, LIC=03C45-GJY5Y-R9PG6-DHMXU-K3DTA-52MDE
 
Tool Versions:
Toolchain:       MDK-ARM Standard  Version: 5.14.0.0
Toolchain Path:  D:\STUDY\software\MDK5\ARM\ARMCC\Bin
C Compiler:      Armcc.exe V5.05 update 1 (build 106)
Assembler:       Armasm.exe V5.05 update 1 (build 106)
Linker/Locator:  ArmLink.exe V5.05 update 1 (build 106)
Library Manager: ArmAr.exe V5.05 update 1 (build 106)
Hex Converter:   FromElf.exe V5.05 update 1 (build 106)
CPU DLL:         SARMCM3.DLL V5.14.0.0
Dialog DLL:      DARMSTM.DLL V1.65.0.0
Target DLL:      STLink\ST-LINKIII-KEIL_SWO.dll V2.0.14.0_KEIL
Dialog DLL:      TARMSTM.DLL   V1.64.0.0
 
<h2>Project:</h2>
C:\Users\Administrator\Desktop\BS\bs\智能门锁(内部flash)\intelligent-lock\USER\Template.uvprojx
Project File Date:  04/01/2020

<h2>Output:</h2>
Build target 'Template'
compiling main.c...
main.c(16): warning:  #177-D: variable "i" was declared but never referenced
        u8 i,Temp[22],iret = 0xff;
main.c: 1 warning, 0 errors
compiling stm32f10x_it.c...
compiling system_stm32f10x.c...
compiling core_cm3.c...
assembling startup_stm32f10x_hd.s...
compiling misc.c...
compiling stm32f10x_adc.c...
compiling stm32f10x_bkp.c...
compiling stm32f10x_can.c...
compiling stm32f10x_cec.c...
compiling stm32f10x_crc.c...
compiling stm32f10x_dac.c...
compiling stm32f10x_dbgmcu.c...
compiling stm32f10x_dma.c...
compiling stm32f10x_exti.c...
compiling stm32f10x_flash.c...
compiling stm32f10x_fsmc.c...
compiling stm32f10x_gpio.c...
compiling stm32f10x_i2c.c...
compiling stm32f10x_pwr.c...
compiling stm32f10x_rcc.c...
compiling stm32f10x_rtc.c...
compiling stm32f10x_sdio.c...
compiling stm32f10x_spi.c...
compiling stm32f10x_tim.c...
compiling stm32f10x_usart.c...
compiling stm32f10x_wwdg.c...
compiling delay.c...
compiling sys.c...
compiling usart.c...
compiling ascii.c...
compiling china.c...
compiling func.c...
compiling logo.c...
compiling oled.c...
compiling timer.c...
compiling uart5.c...
compiling as608.c...
compiling flash.c...
compiling key.c...
compiling led.c...
compiling rtc.c...
compiling rc522.c...
..\HARDWARE\RC522\rc522.c(324): warning:  #550-D: variable "status" was set but never used
      u8   status;
..\HARDWARE\RC522\rc522.c: 1 warning, 0 errors
compiling HCSR501.c...
compiling jq8400.c...
compiling remote.c...
..\HARDWARE\REMOTE\remote.c(192): warning:  #940-D: missing return statement at end of non-void function "Deal_Remote"
  }
..\HARDWARE\REMOTE\remote.c: 1 warning, 0 errors
compiling pwd.c...
..\OTHERS\pwd.c(204): warning:  #550-D: variable "now" was set but never used
        int now;
..\OTHERS\pwd.c: 1 warning, 0 errors
compiling menu_option.c...
..\OTHERS\menu_option.c(1587): warning:  #940-D: missing return statement at end of non-void function "SetPage"
  }
..\OTHERS\menu_option.c(12): warning:  #550-D: variable "page_turn_flag" was set but never used
  static u8 page_turn_flag = 0,page_system = 0,page_showflag = 0;
..\OTHERS\menu_option.c: 2 warnings, 0 errors
compiling Lower_Power.c...
linking...
Program Size: Code=56576 RO-data=6260 RW-data=276 ZI-data=7780  
FromELF: creating hex file...
"..\OBJ\Template.axf" - 0 Error(s), 6 Warning(s).

<h2>Collection of Component include folders:</h2>
  C:\Users\Administrator\Desktop\BS\bs\智能门锁(内部flash)\intelligent-lock\USER\RTE
  D:\STUDY\software\MDK5\ARM\PACK\Keil\STM32F1xx_DFP\1.0.5\Device\Include

<h2>Collection of Component Files used:</h2>
</pre>
</body>
</html>
