Component: ARM Compiler 5.05 update 1 (build 106) Tool: armlink [4d0efa]

==============================================================================

Section Cross References

    main.o(.text) refers to delay.o(.text) for delay_init
    main.o(.text) refers to usart.o(.text) for uart_init
    main.o(.text) refers to uart5.o(.text) for uart5_init
    main.o(.text) refers to timer.o(.text) for TIM3_Int_Init
    main.o(.text) refers to key.o(.text) for KEY_Init
    main.o(.text) refers to rtc.o(.text) for RTC_Init
    main.o(.text) refers to rc522.o(.text) for Rc522_Init
    main.o(.text) refers to remote.o(.text) for Remote_Init
    main.o(.text) refers to oled.o(.text) for OLED_Init
    main.o(.text) refers to jq8400.o(.text) for JQ8400_Init
    main.o(.text) refers to hcsr501.o(.text) for HC_SR501_Init
    main.o(.text) refers to flash.o(.text) for Read_Status
    main.o(.text) refers to pwd.o(.text) for Register_Admins
    main.o(.text) refers to menu_option.o(.text) for menu
    main.o(.text) refers to func.o(.text) for Huanxing
    main.o(.text) refers to stm32f10x_gpio.o(.text) for GPIO_ReadInputDataBit
    main.o(.text) refers to as608.o(.text) for AutoIdentifyPro
    main.o(.text) refers to rt_memclr_w.o(.text) for __aeabi_memclr4
    main.o(.text) refers to main.o(.data) for Mode
    main.o(.text) refers to menu_option.o(.data) for voice_flag
    main.o(.text) refers to menu_option.o(.bss) for Pwd
    main.o(.text) refers to rtc.o(.bss) for calendar
    system_stm32f10x.o(.text) refers to system_stm32f10x.o(.data) for SystemCoreClock
    startup_stm32f10x_hd.o(STACK) refers (Special) to heapauxi.o(.text) for __use_two_region_memory
    startup_stm32f10x_hd.o(HEAP) refers (Special) to heapauxi.o(.text) for __use_two_region_memory
    startup_stm32f10x_hd.o(RESET) refers (Special) to heapauxi.o(.text) for __use_two_region_memory
    startup_stm32f10x_hd.o(RESET) refers to startup_stm32f10x_hd.o(STACK) for __initial_sp
    startup_stm32f10x_hd.o(RESET) refers to startup_stm32f10x_hd.o(.text) for Reset_Handler
    startup_stm32f10x_hd.o(RESET) refers to stm32f10x_it.o(.text) for NMI_Handler
    startup_stm32f10x_hd.o(RESET) refers to rtc.o(.text) for RTC_IRQHandler
    startup_stm32f10x_hd.o(RESET) refers to timer.o(.text) for TIM3_IRQHandler
    startup_stm32f10x_hd.o(RESET) refers to usart.o(.text) for USART1_IRQHandler
    startup_stm32f10x_hd.o(RESET) refers to remote.o(.text) for TIM5_IRQHandler
    startup_stm32f10x_hd.o(RESET) refers to uart5.o(.text) for UART5_IRQHandler
    startup_stm32f10x_hd.o(.text) refers (Special) to heapauxi.o(.text) for __use_two_region_memory
    startup_stm32f10x_hd.o(.text) refers to system_stm32f10x.o(.text) for SystemInit
    startup_stm32f10x_hd.o(.text) refers to __main.o(!!!main) for __main
    startup_stm32f10x_hd.o(.text) refers to startup_stm32f10x_hd.o(HEAP) for Heap_Mem
    startup_stm32f10x_hd.o(.text) refers to startup_stm32f10x_hd.o(STACK) for Stack_Mem
    stm32f10x_adc.o(.text) refers to stm32f10x_rcc.o(.text) for RCC_APB2PeriphResetCmd
    stm32f10x_bkp.o(.text) refers to stm32f10x_rcc.o(.text) for RCC_BackupResetCmd
    stm32f10x_can.o(.text) refers to stm32f10x_rcc.o(.text) for RCC_APB1PeriphResetCmd
    stm32f10x_cec.o(.text) refers to stm32f10x_rcc.o(.text) for RCC_APB1PeriphResetCmd
    stm32f10x_dac.o(.text) refers to stm32f10x_rcc.o(.text) for RCC_APB1PeriphResetCmd
    stm32f10x_gpio.o(.text) refers to stm32f10x_rcc.o(.text) for RCC_APB2PeriphResetCmd
    stm32f10x_i2c.o(.text) refers to stm32f10x_rcc.o(.text) for RCC_APB1PeriphResetCmd
    stm32f10x_pwr.o(.text) refers to stm32f10x_rcc.o(.text) for RCC_APB1PeriphResetCmd
    stm32f10x_rcc.o(.text) refers to stm32f10x_rcc.o(.data) for APBAHBPrescTable
    stm32f10x_spi.o(.text) refers to stm32f10x_rcc.o(.text) for RCC_APB2PeriphResetCmd
    stm32f10x_tim.o(.text) refers to stm32f10x_rcc.o(.text) for RCC_APB2PeriphResetCmd
    stm32f10x_usart.o(.text) refers to stm32f10x_rcc.o(.text) for RCC_APB2PeriphResetCmd
    stm32f10x_wwdg.o(.text) refers to stm32f10x_rcc.o(.text) for RCC_APB1PeriphResetCmd
    delay.o(.text) refers to misc.o(.text) for SysTick_CLKSourceConfig
    delay.o(.text) refers to system_stm32f10x.o(.data) for SystemCoreClock
    delay.o(.text) refers to delay.o(.data) for fac_us
    usart.o(.text) refers (Special) to use_no_semi_2.o(.text) for __use_no_semihosting
    usart.o(.text) refers to stm32f10x_rcc.o(.text) for RCC_APB2PeriphClockCmd
    usart.o(.text) refers to stm32f10x_gpio.o(.text) for GPIO_Init
    usart.o(.text) refers to misc.o(.text) for NVIC_Init
    usart.o(.text) refers to stm32f10x_usart.o(.text) for USART_Init
    usart.o(.text) refers to usart.o(.data) for USART_RX_STA
    usart.o(.text) refers to usart.o(.bss) for USART_RX_BUF
    usart.o(.bss) refers (Special) to use_no_semi_2.o(.text) for __use_no_semihosting
    usart.o(.data) refers (Special) to use_no_semi_2.o(.text) for __use_no_semihosting
    func.o(.text) refers to key.o(.text) for KEY_Scan3x4
[...]
    EXTI15_10_IRQHandler                     0x080009b7   Thumb Code     0  startup_stm32f10x_hd.o(.text)
    EXTI1_IRQHandler                         0x080009b7   Thumb Code     0  startup_stm32f10x_hd.o(.text)
    EXTI2_IRQHandler                         0x080009b7   Thumb Code     0  startup_stm32f10x_hd.o(.text)
    EXTI3_IRQHandler                         0x080009b7   Thumb Code     0  startup_stm32f10x_hd.o(.text)
    EXTI4_IRQHandler                         0x080009b7   Thumb Code     0  startup_stm32f10x_hd.o(.text)
    EXTI9_5_IRQHandler                       0x080009b7   Thumb Code     0  startup_stm32f10x_hd.o(.text)
    FLASH_IRQHandler                         0x080009b7   Thumb Code     0  startup_stm32f10x_hd.o(.text)
    FSMC_IRQHandler                          0x080009b7   Thumb Code     0  startup_stm32f10x_hd.o(.text)
    I2C1_ER_IRQHandler                       0x080009b7   Thumb Code     0  startup_stm32f10x_hd.o(.text)
    I2C1_EV_IRQHandler                       0x080009b7   Thumb Code     0  startup_stm32f10x_hd.o(.text)
    I2C2_ER_IRQHandler                       0x080009b7   Thumb Code     0  startup_stm32f10x_hd.o(.text)
    I2C2_EV_IRQHandler                       0x080009b7   Thumb Code     0  startup_stm32f10x_hd.o(.text)
    PVD_IRQHandler                           0x080009b7   Thumb Code     0  startup_stm32f10x_hd.o(.text)
    RCC_IRQHandler                           0x080009b7   Thumb Code     0  startup_stm32f10x_hd.o(.text)
    RTCAlarm_IRQHandler                      0x080009b7   Thumb Code     0  startup_stm32f10x_hd.o(.text)
    SDIO_IRQHandler                          0x080009b7   Thumb Code     0  startup_stm32f10x_hd.o(.text)
    SPI1_IRQHandler                          0x080009b7   Thumb Code     0  startup_stm32f10x_hd.o(.text)
    SPI2_IRQHandler                          0x080009b7   Thumb Code     0  startup_stm32f10x_hd.o(.text)
    SPI3_IRQHandler                          0x080009b7   Thumb Code     0  startup_stm32f10x_hd.o(.text)
    TAMPER_IRQHandler                        0x080009b7   Thumb Code     0  startup_stm32f10x_hd.o(.text)
    TIM1_BRK_IRQHandler                      0x080009b7   Thumb Code     0  startup_stm32f10x_hd.o(.text)
    TIM1_CC_IRQHandler                       0x080009b7   Thumb Code     0  startup_stm32f10x_hd.o(.text)
    TIM1_TRG_COM_IRQHandler                  0x080009b7   Thumb Code     0  startup_stm32f10x_hd.o(.text)
    TIM1_UP_IRQHandler                       0x080009b7   Thumb Code     0  startup_stm32f10x_hd.o(.text)
    TIM2_IRQHandler                          0x080009b7   Thumb Code     0  startup_stm32f10x_hd.o(.text)
    TIM6_IRQHandler                          0x080009b7   Thumb Code     0  startup_stm32f10x_hd.o(.text)
    TIM7_IRQHandler                          0x080009b7   Thumb Code     0  startup_stm32f10x_hd.o(.text)
    TIM8_BRK_IRQHandler                      0x080009b7   Thumb Code     0  startup_stm32f10x_hd.o(.text)
    TIM8_CC_IRQHandler                       0x080009b7   Thumb Code     0  startup_stm32f10x_hd.o(.text)
    TIM8_TRG_COM_IRQHandler                  0x080009b7   Thumb Code     0  startup_stm32f10x_hd.o(.text)
    TIM8_UP_IRQHandler                       0x080009b7   Thumb Code     0  startup_stm32f10x_hd.o(.text)
    UART4_IRQHandler                         0x080009b7   Thumb Code     0  startup_stm32f10x_hd.o(.text)
    USART2_IRQHandler                        0x080009b7   Thumb Code     0  startup_stm32f10x_hd.o(.text)
    USART3_IRQHandler                        0x080009b7   Thumb Code     0  startup_stm32f10x_hd.o(.text)
    USBWakeUp_IRQHandler                     0x080009b7   Thumb Code     0  startup_stm32f10x_hd.o(.text)
    USB_HP_CAN1_TX_IRQHandler                0x080009b7   Thumb Code     0  startup_stm32f10x_hd.o(.text)
    USB_LP_CAN1_RX0_IRQHandler               0x080009b7   Thumb Code     0  startup_stm32f10x_hd.o(.text)
    WWDG_IRQHandler                          0x080009b7   Thumb Code     0  startup_stm32f10x_hd.o(.text)
    __user_initial_stackheap                 0x080009b9   Thumb Code     0  startup_stm32f10x_hd.o(.text)
    NVIC_PriorityGroupConfig                 0x080009dd   Thumb Code    10  misc.o(.text)
    NVIC_Init                                0x080009e7   Thumb Code   100  misc.o(.text)
    NVIC_SetVectorTable                      0x08000a4b   Thumb Code    14  misc.o(.text)
    NVIC_SystemLPConfig                      0x08000a59   Thumb Code    34  misc.o(.text)
    SysTick_CLKSourceConfig                  0x08000a7b   Thumb Code    40  misc.o(.text)
    BKP_DeInit                               0x08000ab9   Thumb Code    16  stm32f10x_bkp.o(.text)
    BKP_TamperPinLevelConfig                 0x08000ac9   Thumb Code     6  stm32f10x_bkp.o(.text)
    BKP_TamperPinCmd                         0x08000acf   Thumb Code     8  stm32f10x_bkp.o(.text)
    BKP_ITConfig                             0x08000ad7   Thumb Code     8  stm32f10x_bkp.o(.text)
    BKP_RTCOutputConfig                      0x08000adf   Thumb Code    22  stm32f10x_bkp.o(.text)
    BKP_SetRTCCalibrationValue               0x08000af5   Thumb Code    22  stm32f10x_bkp.o(.text)
    BKP_WriteBackupRegister                  0x08000b0b   Thumb Code    24  stm32f10x_bkp.o(.text)
    BKP_ReadBackupRegister                   0x08000b23   Thumb Code    26  stm32f10x_bkp.o(.text)
    BKP_GetFlagStatus                        0x08000b3d   Thumb Code    10  stm32f10x_bkp.o(.text)
    BKP_ClearFlag                            0x08000b47   Thumb Code    18  stm32f10x_bkp.o(.text)
    BKP_GetITStatus                          0x08000b59   Thumb Code    10  stm32f10x_bkp.o(.text)
    BKP_ClearITPendingBit                    0x08000b63   Thumb Code    18  stm32f10x_bkp.o(.text)
    FLASH_SetLatency                         0x08000b7d   Thumb Code    18  stm32f10x_flash.o(.text)
    FLASH_HalfCycleAccessCmd                 0x08000b8f   Thumb Code    22  stm32f10x_flash.o(.text)
    FLASH_PrefetchBufferCmd                  0x08000ba5   Thumb Code    22  stm32f10x_flash.o(.text)
    FLASH_Unlock                             0x08000bbb   Thumb Code    12  stm32f10x_flash.o(.text)
    FLASH_UnlockBank1                        0x08000bc7   Thumb Code    12  stm32f10x_flash.o(.text)
    FLASH_Lock                               0x08000bd3   Thumb Code    14  stm32f10x_flash.o(.text)
    FLASH_LockBank1                          0x08000be1   Thumb Code    14  stm32f10x_flash.o(.text)
    FLASH_GetBank1Status                     0x08000bef   Thumb Code    48  stm32f10x_flash.o(.text)
    FLASH_WaitForLastOperation               0x08000c1f   Thumb Code    38  stm32f10x_flash.o(.text)
    FLASH_ErasePage                          0x08000c45   Thumb Code    72  stm32f10x_flash.o(.text)
    FLASH_EraseAllPages                      0x08000c8d   Thumb Code    68  stm32f10x_flash.o(.text)
    FLASH_WaitForLastBank1Operation          0x08000cd1   Thumb Code    38  stm32f10x_flash.o(.text)
    FLASH_EraseAllBank1Pages                 0x08000cf7   Thumb Code    68  stm32f10x_flash.o(.text)
    FLASH_GetReadOutProtectionStatus         0x08000d3b   Thumb Code    20  stm32f10x_flash.o(.text)
    FLASH_EraseOptionBytes                   0x08000d4f   Thumb Code   150  stm32f10x_flash.o(.text)
    FLASH_ProgramWord                        0x08000de5   Thumb Code   102  stm32f10x_flash.o(.text)
    FLASH_ProgramHalfWord                    0x08000e4b   Thumb Code    60  stm32f10x_flash.o(.text)
    FLASH_ProgramOptionByteData              0x08000e87   Thumb Code    72  stm32f10x_flash.o(.text)
    FLASH_EnableWriteProtection              0x08000ecf   Thumb Code   200  stm32f10x_flash.o(.text)
    FLASH_ReadOutProtection                  0x08000f97   Thumb Code   156  stm32f10x_flash.o(.text)
    FLASH_UserOptionByteConfig               0x08001033   Thumb Code    88  stm32f10x_flash.o(.text)
    FLASH_GetUserOptionByte                  0x0800108b   Thumb Code     8  stm32f10x_flash.o(.text)
    FLASH_GetWriteProtectionOptionByte       0x08001093   Thumb Code     6  stm32f10x_flash.o(.text)
    FLASH_GetPrefetchBufferStatus            0x08001099   Thumb Code    20  stm32f10x_flash.o(.text)
    FLASH_ITConfig                           0x080010ad   Thumb Code    26  stm32f10x_flash.o(.text)
    FLASH_GetFlagStatus                      0x080010c7   Thumb Code    42  stm32f10x_flash.o(.text)
    FLASH_ClearFlag                          0x080010f1   Thumb Code     6  stm32f10x_flash.o(.text)
    FLASH_GetStatus                          0x080010f7   Thumb Code    48  stm32f10x_flash.o(.text)
    GPIO_DeInit                              0x08001139   Thumb Code   172  stm32f10x_gpio.o(.text)
    GPIO_AFIODeInit                          0x080011e5   Thumb Code    20  stm32f10x_gpio.o(.text)
    GPIO_Init                                0x080011f9   Thumb Code   278  stm32f10x_gpio.o(.text)
    GPIO_StructInit                          0x0800130f   Thumb Code    16  stm32f10x_gpio.o(.text)
    GPIO_ReadInputDataBit                    0x0800131f   Thumb Code    18  stm32f10x_gpio.o(.text)
    GPIO_ReadInputData                       0x08001331   Thumb Code     8  stm32f10x_gpio.o(.text)
    GPIO_ReadOutputDataBit                   0x08001339   Thumb Code    18  stm32f10x_gpio.o(.text)
    GPIO_ReadOutputData                      0x0800134b   Thumb Code     8  stm32f10x_gpio.o(.text)
    GPIO_SetBits                             0x08001353   Thumb Code     4  stm32f10x_gpio.o(.text)
    GPIO_ResetBits                           0x08001357   Thumb Code     4  stm32f10x_gpio.o(.text)
    GPIO_WriteBit                            0x0800135b   Thumb Code    10  stm32f10x_gpio.o(.text)
    GPIO_Write                               0x08001365   Thumb Code     4  stm32f10x_gpio.o(.text)
    GPIO_PinLockConfig                       0x08001369   Thumb Code    18  stm32f10x_gpio.o(.text)
    GPIO_EventOutputConfig                   0x0800137b   Thumb Code    26  stm32f10x_gpio.o(.text)
    GPIO_EventOutputCmd                      0x08001395   Thumb Code     6  stm32f10x_gpio.o(.text)
    GPIO_PinRemapConfig                      0x0800139b   Thumb Code   138  stm32f10x_gpio.o(.text)
    GPIO_EXTILineConfig                      0x08001425   Thumb Code    66  stm32f10x_gpio.o(.text)
    GPIO_ETH_MediaInterfaceConfig            0x08001467   Thumb Code     8  stm32f10x_gpio.o(.text)
    PWR_DeInit                               0x08001495   Thumb Code    22  stm32f10x_pwr.o(.text)
    PWR_BackupAccessCmd                      0x080014ab   Thumb Code     6  stm32f10x_pwr.o(.text)
    PWR_PVDCmd                               0x080014b1   Thumb Code     6  stm32f10x_pwr.o(.text)
    PWR_PVDLevelConfig                       0x080014b7   Thumb Code    18  stm32f10x_pwr.o(.text)
    PWR_WakeUpPinCmd                         0x080014c9   Thumb Code     8  stm32f10x_pwr.o(.text)
    PWR_EnterSTOPMode                        0x080014d1   Thumb Code    54  stm32f10x_pwr.o(.text)
    PWR_EnterSTANDBYMode                     0x08001507   Thumb Code    42  stm32f10x_pwr.o(.text)
    PWR_GetFlagStatus                        0x08001531   Thumb Code    20  stm32f10x_pwr.o(.text)
    PWR_ClearFlag                            0x08001545   Thumb Code    14  stm32f10x_pwr.o(.text)
    RCC_DeInit                               0x08001561   Thumb Code    64  stm32f10x_rcc.o(.text)
    RCC_HSEConfig                            0x080015a1   Thumb Code    70  stm32f10x_rcc.o(.text)
    RCC_GetFlagStatus                        0x080015e7   Thumb Code    56  stm32f10x_rcc.o(.text)
    RCC_WaitForHSEStartUp                    0x0800161f   Thumb Code    56  stm32f10x_rcc.o(.text)
    RCC_AdjustHSICalibrationValue            0x08001657   Thumb Code    20  stm32f10x_rcc.o(.text)
    RCC_HSICmd                               0x0800166b   Thumb Code     6  stm32f10x_rcc.o(.text)
    RCC_PLLConfig                            0x08001671   Thumb Code    24  stm32f10x_rcc.o(.text)
    RCC_PLLCmd                               0x08001689   Thumb Code     6  stm32f10x_rcc.o(.text)
    RCC_SYSCLKConfig                         0x0800168f   Thumb Code    18  stm32f10x_rcc.o(.text)
    RCC_GetSYSCLKSource                      0x080016a1   Thumb Code    10  stm32f10x_rcc.o(.text)
    RCC_HCLKConfig                           0x080016ab   Thumb Code    18  stm32f10x_rcc.o(.text)
    RCC_PCLK1Config                          0x080016bd   Thumb Code    18  stm32f10x_rcc.o(.text)
    RCC_PCLK2Config                          0x080016cf   Thumb Code    20  stm32f10x_rcc.o(.text)
    RCC_ITConfig                             0x080016e3   Thumb Code    26  stm32f10x_rcc.o(.text)
    RCC_USBCLKConfig                         0x080016fd   Thumb Code     8  stm32f10x_rcc.o(.text)
    RCC_ADCCLKConfig                         0x08001705   Thumb Code    18  stm32f10x_rcc.o(.text)
    RCC_LSEConfig                            0x08001717   Thumb Code    50  stm32f10x_rcc.o(.text)
    RCC_LSICmd                               0x08001749   Thumb Code     6  stm32f10x_rcc.o(.text)
    RCC_RTCCLKConfig                         0x0800174f   Thumb Code    12  stm32f10x_rcc.o(.text)
    RCC_RTCCLKCmd                            0x0800175b   Thumb Code     8  stm32f10x_rcc.o(.text)
    RCC_GetClocksFreq                        0x08001763   Thumb Code   192  stm32f10x_rcc.o(.text)
    RCC_AHBPeriphClockCmd                    0x08001823   Thumb Code    26  stm32f10x_rcc.o(.text)
    RCC_APB2PeriphClockCmd                   0x0800183d   Thumb Code    26  stm32f10x_rcc.o(.text)
    RCC_APB1PeriphClockCmd                   0x08001857   Thumb Code    26  stm32f10x_rcc.o(.text)
    RCC_APB2PeriphResetCmd                   0x08001871   Thumb Code    26  stm32f10x_rcc.o(.text)
    RCC_APB1PeriphResetCmd                   0x0800188b   Thumb Code    26  stm32f10x_rcc.o(.text)
    RCC_BackupResetCmd                       0x080018a5   Thumb Code     8  stm32f10x_rcc.o(.text)
    RCC_ClockSecuritySystemCmd               0x080018ad   Thumb Code     6  stm32f10x_rcc.o(.text)
    RCC_MCOConfig                            0x080018b3   Thumb Code     6  stm32f10x_rcc.o(.text)
    RCC_ClearFlag                            0x080018b9   Thumb Code    14  stm32f10x_rcc.o(.text)
    RCC_GetITStatus                          0x080018c7   Thumb Code    20  stm32f10x_rcc.o(.text)
    RCC_ClearITPendingBit                    0x080018db   Thumb Code     6  stm32f10x_rcc.o(.text)
    RTC_ITConfig                             0x08001905   Thumb Code    26  stm32f10x_rtc.o(.text)
    RTC_EnterConfigMode                      0x0800191f   Thumb Code    18  stm32f10x_rtc.o(.text)
    RTC_ExitConfigMode                       0x08001931   Thumb Code    20  stm32f10x_rtc.o(.text)
    RTC_GetCounter                           0x08001945   Thumb Code    18  stm32f10x_rtc.o(.text)
    RTC_SetCounter                           0x08001957   Thumb Code    26  stm32f10x_rtc.o(.text)
    RTC_SetPrescaler                         0x08001971   Thumb Code    28  stm32f10x_rtc.o(.text)
    RTC_SetAlarm                             0x0800198d   Thumb Code    26  stm32f10x_rtc.o(.text)
    RTC_GetDivider                           0x080019a7   Thumb Code    22  stm32f10x_rtc.o(.text)
    RTC_WaitForLastTask                      0x080019bd   Thumb Code    18  stm32f10x_rtc.o(.text)
    RTC_WaitForSynchro                       0x080019cf   Thumb Code    36  stm32f10x_rtc.o(.text)
    RTC_GetFlagStatus                        0x080019f3   Thumb Code    22  stm32f10x_rtc.o(.text)
    RTC_ClearFlag                            0x08001a09   Thumb Code    16  stm32f10x_rtc.o(.text)
    RTC_GetITStatus                          0x08001a19   Thumb Code    32  stm32f10x_rtc.o(.text)
    RTC_ClearITPendingBit                    0x08001a39   Thumb Code    16  stm32f10x_rtc.o(.text)
    TIM_DeInit                               0x08001a4d   Thumb Code   424  stm32f10x_tim.o(.text)
    TIM_TimeBaseInit                         0x08001bf5   Thumb Code   122  stm32f10x_tim.o(.text)
    TIM_OC1Init                              0x08001c6f   Thumb Code   132  stm32f10x_tim.o(.text)
    TIM_OC2Init                              0x08001cf3   Thumb Code   154  stm32f10x_tim.o(.text)
    TIM_OC3Init                              0x08001d8d   Thumb Code   150  stm32f10x_tim.o(.text)
    TIM_OC4Init                              0x08001e23   Thumb Code   182  stm32f10x_tim.o(.text)
    TIM_SetIC4Prescaler                      0x08001ed9   Thumb Code    26  stm32f10x_tim.o(.text)
    TIM_SetIC3Prescaler                      0x08001f75   Thumb Code    18  stm32f10x_tim.o(.text)
    TIM_SetIC2Prescaler                      0x08002001   Thumb Code    26  stm32f10x_tim.o(.text)
    TIM_SetIC1Prescaler                      0x0800209d   Thumb Code    18  stm32f10x_tim.o(.text)
    TIM_ICInit                               0x0800211b   Thumb Code   150  stm32f10x_tim.o(.text)
    TIM_PWMIConfig                           0x080021b1   Thumb Code   124  stm32f10x_tim.o(.text)
    TIM_BDTRConfig                           0x0800222d   Thumb Code    32  stm32f10x_tim.o(.text)
    TIM_TimeBaseStructInit                   0x0800224d   Thumb Code    18  stm32f10x_tim.o(.text)
    TIM_OCStructInit                         0x0800225f   Thumb Code    20  stm32f10x_tim.o(.text)
    TIM_ICStructInit                         0x08002273   Thumb Code    18  stm32f10x_tim.o(.text)
    TIM_BDTRStructInit                       0x08002285   Thumb Code    40  stm32f10x_tim.o(.text)
    TIM_Cmd                                  0x080022ad   Thumb Code    24  stm32f10x_tim.o(.text)
    TIM_CtrlPWMOutputs                       0x080022c5   Thumb Code    30  stm32f10x_tim.o(.text)
    TIM_ITConfig                             0x080022e3   Thumb Code    18  stm32f10x_tim.o(.text)
    TIM_GenerateEvent                        0x080022f5   Thumb Code     4  stm32f10x_tim.o(.text)
    TIM_DMAConfig                            0x080022f9   Thumb Code    10  stm32f10x_tim.o(.text)
    TIM_DMACmd                               0x08002303   Thumb Code    18  stm32f10x_tim.o(.text)
    TIM_InternalClockConfig                  0x08002315   Thumb Code    12  stm32f10x_tim.o(.text)
    TIM_SelectInputTrigger                   0x08002321   Thumb Code    18  stm32f10x_tim.o(.text)
    TIM_ITRxExternalClockConfig              0x08002333   Thumb Code    24  stm32f10x_tim.o(.text)
    TIM_TIxExternalClockConfig               0x0800234b   Thumb Code    62  stm32f10x_tim.o(.text)
    TIM_ETRConfig                            0x08002389   Thumb Code    28  stm32f10x_tim.o(.text)
    TIM_ETRClockMode1Config                  0x080023a5   Thumb Code    54  stm32f10x_tim.o(.text)
    TIM_ETRClockMode2Config                  0x080023db   Thumb Code    32  stm32f10x_tim.o(.text)
    TIM_PrescalerConfig                      0x080023fb   Thumb Code     6  stm32f10x_tim.o(.text)
    TIM_CounterModeConfig                    0x08002401   Thumb Code    18  stm32f10x_tim.o(.text)
    TIM_EncoderInterfaceConfig               0x08002413   Thumb Code    66  stm32f10x_tim.o(.text)
    TIM_ForcedOC1Config                      0x08002455   Thumb Code    18  stm32f10x_tim.o(.text)
    TIM_ForcedOC2Config                      0x08002467   Thumb Code    26  stm32f10x_tim.o(.text)
    TIM_ForcedOC3Config                      0x08002481   Thumb Code    18  stm32f10x_tim.o(.text)
    TIM_ForcedOC4Config                      0x08002493   Thumb Code    26  stm32f10x_tim.o(.text)
    TIM_ARRPreloadConfig                     0x080024ad   Thumb Code    24  stm32f10x_tim.o(.text)
    TIM_SelectCOM                            0x080024c5   Thumb Code    24  stm32f10x_tim.o(.text)
    TIM_SelectCCDMA                          0x080024dd   Thumb Code    24  stm32f10x_tim.o(.text)
    TIM_CCPreloadControl                     0x080024f5   Thumb Code    24  stm32f10x_tim.o(.text)
    TIM_OC1PreloadConfig                     0x0800250d   Thumb Code    18  stm32f10x_tim.o(.text)
    TIM_OC2PreloadConfig                     0x0800251f   Thumb Code    26  stm32f10x_tim.o(.text)
    TIM_OC3PreloadConfig                     0x08002539   Thumb Code    18  stm32f10x_tim.o(.text)
    TIM_OC4PreloadConfig                     0x0800254b   Thumb Code    26  stm32f10x_tim.o(.text)
    TIM_OC1FastConfig                        0x08002565   Thumb Code    18  stm32f10x_tim.o(.text)
    TIM_OC2FastConfig                        0x08002577   Thumb Code    26  stm32f10x_tim.o(.text)
    TIM_OC3FastConfig                        0x08002591   Thumb Code    18  stm32f10x_tim.o(.text)
    TIM_OC4FastConfig                        0x080025a3   Thumb Code    26  stm32f10x_tim.o(.text)
    TIM_ClearOC1Ref                          0x080025bd   Thumb Code    18  stm32f10x_tim.o(.text)
    TIM_ClearOC2Ref                          0x080025cf   Thumb Code    24  stm32f10x_tim.o(.text)
    TIM_ClearOC3Ref                          0x080025e7   Thumb Code    18  stm32f10x_tim.o(.text)
    TIM_ClearOC4Ref                          0x080025f9   Thumb Code    24  stm32f10x_tim.o(.text)
    TIM_OC1PolarityConfig                    0x08002611   Thumb Code    18  stm32f10x_tim.o(.text)
    TIM_OC1NPolarityConfig                   0x08002623   Thumb Code    18  stm32f10x_tim.o(.text)
    TIM_OC2PolarityConfig                    0x08002635   Thumb Code    26  stm32f10x_tim.o(.text)
    TIM_OC2NPolarityConfig                   0x0800264f   Thumb Code    26  stm32f10x_tim.o(.text)
    TIM_OC3PolarityConfig                    0x08002669   Thumb Code    26  stm32f10x_tim.o(.text)
    TIM_OC3NPolarityConfig                   0x08002683   Thumb Code    26  stm32f10x_tim.o(.text)
    TIM_OC4PolarityConfig                    0x0800269d   Thumb Code    26  stm32f10x_tim.o(.text)
    TIM_CCxCmd                               0x080026b7   Thumb Code    30  stm32f10x_tim.o(.text)
    TIM_CCxNCmd                              0x080026d5   Thumb Code    30  stm32f10x_tim.o(.text)
    TIM_SelectOCxM                           0x080026f3   Thumb Code    82  stm32f10x_tim.o(.text)
    TIM_UpdateDisableConfig                  0x08002745   Thumb Code    24  stm32f10x_tim.o(.text)
    TIM_UpdateRequestConfig                  0x0800275d   Thumb Code    24  stm32f10x_tim.o(.text)
    TIM_SelectHallSensor                     0x08002775   Thumb Code    24  stm32f10x_tim.o(.text)
    TIM_SelectOnePulseMode                   0x0800278d   Thumb Code    18  stm32f10x_tim.o(.text)
    TIM_SelectOutputTrigger                  0x0800279f   Thumb Code    18  stm32f10x_tim.o(.text)
    TIM_SelectSlaveMode                      0x080027b1   Thumb Code    18  stm32f10x_tim.o(.text)
    TIM_SelectMasterSlaveMode                0x080027c3   Thumb Code    18  stm32f10x_tim.o(.text)
    TIM_SetCounter                           0x080027d5   Thumb Code     4  stm32f10x_tim.o(.text)
    TIM_SetAutoreload                        0x080027d9   Thumb Code     4  stm32f10x_tim.o(.text)
    TIM_SetCompare1                          0x080027dd   Thumb Code     4  stm32f10x_tim.o(.text)
    TIM_SetCompare2                          0x080027e1   Thumb Code     4  stm32f10x_tim.o(.text)
    TIM_SetCompare3                          0x080027e5   Thumb Code     4  stm32f10x_tim.o(.text)
    TIM_SetCompare4                          0x080027e9   Thumb Code     6  stm32f10x_tim.o(.text)
    TIM_SetClockDivision                     0x080027ef   Thumb Code    18  stm32f10x_tim.o(.text)
    TIM_GetCapture1                          0x08002801   Thumb Code     6  stm32f10x_tim.o(.text)
    TIM_GetCapture2                          0x08002807   Thumb Code     6  stm32f10x_tim.o(.text)
    TIM_GetCapture3                          0x0800280d   Thumb Code     6  stm32f10x_tim.o(.text)
    TIM_GetCapture4                          0x08002813   Thumb Code     8  stm32f10x_tim.o(.text)
    TIM_GetCounter                           0x0800281b   Thumb Code     6  stm32f10x_tim.o(.text)
    TIM_GetPrescaler                         0x08002821   Thumb Code     6  stm32f10x_tim.o(.text)
    TIM_GetFlagStatus                        0x08002827   Thumb Code    18  stm32f10x_tim.o(.text)
    TIM_ClearFlag                            0x08002839   Thumb Code     6  stm32f10x_tim.o(.text)
    TIM_GetITStatus                          0x0800283f   Thumb Code    34  stm32f10x_tim.o(.text)
    TIM_ClearITPendingBit                    0x08002861   Thumb Code     6  stm32f10x_tim.o(.text)
    USART_DeInit                             0x08002869   Thumb Code   134  stm32f10x_usart.o(.text)
    USART_Init                               0x080028ef   Thumb Code   210  stm32f10x_usart.o(.text)
    USART_StructInit                         0x080029c1   Thumb Code    24  stm32f10x_usart.o(.text)
    USART_ClockInit                          0x080029d9   Thumb Code    34  stm32f10x_usart.o(.text)
    USART_ClockStructInit                    0x080029fb   Thumb Code    12  stm32f10x_usart.o(.text)
    USART_Cmd                                0x08002a07   Thumb Code    24  stm32f10x_usart.o(.text)
    USART_ITConfig                           0x08002a1f   Thumb Code    74  stm32f10x_usart.o(.text)
    USART_DMACmd                             0x08002a69   Thumb Code    18  stm32f10x_usart.o(.text)
    USART_SetAddress                         0x08002a7b   Thumb Code    18  stm32f10x_usart.o(.text)
    USART_WakeUpConfig                       0x08002a8d   Thumb Code    18  stm32f10x_usart.o(.text)
    USART_ReceiverWakeUpCmd                  0x08002a9f   Thumb Code    24  stm32f10x_usart.o(.text)
    USART_LINBreakDetectLengthConfig         0x08002ab7   Thumb Code    18  stm32f10x_usart.o(.text)
    USART_LINCmd                             0x08002ac9   Thumb Code    24  stm32f10x_usart.o(.text)
    USART_SendData                           0x08002ae1   Thumb Code     8  stm32f10x_usart.o(.text)
    USART_ReceiveData                        0x08002ae9   Thumb Code    10  stm32f10x_usart.o(.text)
    USART_SendBreak                          0x08002af3   Thumb Code    10  stm32f10x_usart.o(.text)
    USART_SetGuardTime                       0x08002afd   Thumb Code    16  stm32f10x_usart.o(.text)
    USART_SetPrescaler                       0x08002b0d   Thumb Code    16  stm32f10x_usart.o(.text)
    USART_SmartCardCmd                       0x08002b1d   Thumb Code    24  stm32f10x_usart.o(.text)
    USART_SmartCardNACKCmd                   0x08002b35   Thumb Code    24  stm32f10x_usart.o(.text)
    USART_HalfDuplexCmd                      0x08002b4d   Thumb Code    24  stm32f10x_usart.o(.text)
    USART_OverSampling8Cmd                   0x08002b65   Thumb Code    22  stm32f10x_usart.o(.text)
    USART_OneBitMethodCmd                    0x08002b7b   Thumb Code    24  stm32f10x_usart.o(.text)
    USART_IrDAConfig                         0x08002b93   Thumb Code    18  stm32f10x_usart.o(.text)
    USART_IrDACmd                            0x08002ba5   Thumb Code    24  stm32f10x_usart.o(.text)
    USART_GetFlagStatus                      0x08002bbd   Thumb Code    26  stm32f10x_usart.o(.text)
    USART_ClearFlag                          0x08002bd7   Thumb Code    18  stm32f10x_usart.o(.text)
    USART_GetITStatus                        0x08002be9   Thumb Code    84  stm32f10x_usart.o(.text)
    USART_ClearITPendingBit                  0x08002c3d   Thumb Code    52  stm32f10x_usart.o(.text)
    delay_init                               0x08002c71   Thumb Code    50  delay.o(.text)
    delay_us                                 0x08002ca3   Thumb Code    72  delay.o(.text)
    delay_ms                                 0x08002ceb   Thumb Code    72  delay.o(.text)
    _sys_exit                                0x08002d45   Thumb Code     6  usart.o(.text)
    fputc                                    0x08002d4b   Thumb Code    24  usart.o(.text)
    uart_init                                0x08002d63   Thumb Code   152  usart.o(.text)
    USART1_IRQHandler                        0x08002dfb   Thumb Code   122  usart.o(.text)
    Empty_Switch                             0x08002e85   Thumb Code    84  func.o(.text)
    menu_page1_show                          0x08002ed9   Thumb Code   250  func.o(.text)
    menu_page2_show                          0x08002fd3   Thumb Code   164  func.o(.text)
    ManSet                                   0x08003077   Thumb Code   164  func.o(.text)
    UserSet                                  0x0800311b   Thumb Code   242  func.o(.text)
    Remoteset                                0x0800320d   Thumb Code   410  func.o(.text)
    SYSSetONE                                0x080033a7   Thumb Code   254  func.o(.text)
    SYSSettwo                                0x080034a5   Thumb Code   250  func.o(.text)
    figsetpage                               0x0800359f   Thumb Code   264  func.o(.text)
    pwdsetpage                               0x080036a7   Thumb Code   460  func.o(.text)
    ICetpage                                 0x08003873   Thumb Code   254  func.o(.text)
    Remotepage                               0x08003971   Thumb Code   254  func.o(.text)
    wifisetPage                              0x08003a6f   Thumb Code   172  func.o(.text)
    OpenWayModeOne                           0x08003b1b   Thumb Code   492  func.o(.text)
    openorclose                              0x08003d07   Thumb Code   172  func.o(.text)
    Volume_adjust                            0x08003db3   Thumb Code   254  func.o(.text)
    languagePage                             0x08003eb1   Thumb Code   172  func.o(.text)
    adminenterpage                           0x08003f5d   Thumb Code   102  func.o(.text)
    enterpwdpage                             0x08003fc3   Thumb Code   126  func.o(.text)
    Enter_User_Num                           0x08004041   Thumb Code   626  func.o(.text)
    information                              0x080042b3   Thumb Code   318  func.o(.text)
    ADD_DEL_FUNCTION                         0x080043f1   Thumb Code   230  func.o(.text)
    Num_show                                 0x080044d7   Thumb Code   638  func.o(.text)
    yesorno                                  0x08004755   Thumb Code   168  func.o(.text)
    Switch_show                              0x080047fd   Thumb Code   276  func.o(.text)
    Config_WIFI                              0x08004911   Thumb Code    62  func.o(.text)
    RESET_Switch_show                        0x0800494f   Thumb Code    64  func.o(.text)
    Display_timefun                          0x0800498f   Thumb Code   542  func.o(.text)
    Model_select                             0x08004bad   Thumb Code   268  func.o(.text)
    Recordquerypage                          0x08004cb9   Thumb Code   164  func.o(.text)
    WelcomeHome                              0x08004d5d   Thumb Code    62  func.o(.text)
    Huanxing                                 0x08004d9b   Thumb Code   104  func.o(.text)
    OLED_Command                             0x08004e8d   Thumb Code   102  oled.o(.text)
    OLED_Write_Data                          0x08004ef3   Thumb Code   102  oled.o(.text)
    OLED_Refresh_Gram                        0x08004f59   Thumb Code    62  oled.o(.text)
    OLED_Set_Pos                             0x08004f97   Thumb Code    40  oled.o(.text)
    OLED_Display_On                          0x08004fbf   Thumb Code    22  oled.o(.text)
    OLED_Display_Off                         0x08004fd5   Thumb Code    22  oled.o(.text)
    OLED_Clear                               0x08004feb   Thumb Code    42  oled.o(.text)
    OLED_DrawPoint                           0x08005015   Thumb Code   100  oled.o(.text)
    OLED_Fill                                0x08005079   Thumb Code    58  oled.o(.text)
    OLED_ShowChar                            0x080050b3   Thumb Code   160  oled.o(.text)
    DisplayStr                               0x08005153   Thumb Code    60  oled.o(.text)
    DisplayInt                               0x0800518f   Thumb Code   220  oled.o(.text)
    DisplayOneChina                          0x0800526b   Thumb Code   176  oled.o(.text)
    Displaychina                             0x0800531b   Thumb Code    52  oled.o(.text)
    Display20china                           0x0800534f   Thumb Code    52  oled.o(.text)
    OLED_DrawBMP                             0x08005383   Thumb Code   118  oled.o(.text)
    OLED_Init                                0x080053f9   Thumb Code   266  oled.o(.text)
    Boot_Animation                           0x08005503   Thumb Code   336  oled.o(.text)
    TIM4_IRQHandler                          0x08005675   Thumb Code    42  timer.o(.text)
    TIM4_Int_Init                            0x0800569f   Thumb Code    90  timer.o(.text)
    TIM3_Int_Init                            0x080056f9   Thumb Code    90  timer.o(.text)
    TIM3_IRQHandler                          0x08005753   Thumb Code   194  timer.o(.text)
    UART5_IRQHandler                         0x08005841   Thumb Code    94  uart5.o(.text)
    uart5_init                               0x0800589f   Thumb Code   194  uart5.o(.text)
    u5_printf                                0x08005961   Thumb Code    72  uart5.o(.text)
    PS_StaGPIO_Init                          0x080059c5   Thumb Code    38  as608.o(.text)
    PS_GetImage                              0x08005af5   Thumb Code    58  as608.o(.text)
    PS_GenChar                               0x08005b2f   Thumb Code    70  as608.o(.text)
    PS_Match                                 0x08005b75   Thumb Code    58  as608.o(.text)
    PS_Search                                0x08005baf   Thumb Code   148  as608.o(.text)
    PS_RegModel                              0x08005c43   Thumb Code    58  as608.o(.text)
    PS_StoreChar                             0x08005c7d   Thumb Code    96  as608.o(.text)
    PS_DeletChar                             0x08005cdd   Thumb Code   108  as608.o(.text)
    PS_Empty                                 0x08005d49   Thumb Code    58  as608.o(.text)
    PS_WriteReg                              0x08005d83   Thumb Code   110  as608.o(.text)
    PS_SetAddr                               0x08005df1   Thumb Code   128  as608.o(.text)
    PS_HandShake                             0x08005e71   Thumb Code   118  as608.o(.text)
    AutoEnrollPro                            0x08005ee7   Thumb Code  1112  as608.o(.text)
    AutoIdentifyPro                          0x0800633f   Thumb Code   270  as608.o(.text)
    DeelOnFigAndUSERPro                      0x0800644d   Thumb Code   102  as608.o(.text)
    EmptyUserFig                             0x080064b3   Thumb Code    68  as608.o(.text)
    flash_read                               0x08006521   Thumb Code    92  flash.o(.text)
    flash_write                              0x0800657d   Thumb Code    84  flash.o(.text)
    flash_empty                              0x080065d1   Thumb Code    46  flash.o(.text)
    read_flash                               0x080065ff   Thumb Code   186  flash.o(.text)
    save_flash                               0x080066b9   Thumb Code   180  flash.o(.text)
    Time_save                                0x0800676d   Thumb Code    58  flash.o(.text)
    flash_save                               0x080067a7   Thumb Code    60  flash.o(.text)
    Record_Save                              0x080067e3   Thumb Code   194  flash.o(.text)
    Record_Read                              0x080068a5   Thumb Code   132  flash.o(.text)
    Read_SumStr                              0x08006929   Thumb Code    46  flash.o(.text)
    SumStr_Save                              0x08006957   Thumb Code    72  flash.o(.text)
    SumStr_Savezero                          0x0800699f   Thumb Code    38  flash.o(.text)
    Clear_Data                               0x080069c5   Thumb Code   584  flash.o(.text)
    Flag_Save                                0x08006c0d   Thumb Code   466  flash.o(.text)
    Flag_Read                                0x08006ddf   Thumb Code   290  flash.o(.text)
    Read_Status                              0x08006f01   Thumb Code   248  flash.o(.text)
    KEY_Init                                 0x08007039   Thumb Code   146  key.o(.text)
    KEY_Scan                                 0x080070cb   Thumb Code    92  key.o(.text)
    Deal_KEY                                 0x08007127   Thumb Code   144  key.o(.text)
    KEY_Scan3x4                              0x080071b7   Thumb Code   992  key.o(.text)
    RTC_Get_Week                             0x080075c5   Thumb Code   116  rtc.o(.text)
    Is_Leap_Year                             0x08007639   Thumb Code    58  rtc.o(.text)
    RTC_Get                                  0x08007673   Thumb Code   240  rtc.o(.text)
    RTC_Set                                  0x08007763   Thumb Code   188  rtc.o(.text)
    RTC_Init                                 0x0800781f   Thumb Code   190  rtc.o(.text)
    RTC_IRQHandler                           0x080078dd   Thumb Code    40  rtc.o(.text)
    delay_ns                                 0x08007921   Thumb Code    18  rc522.o(.text)
    SPIWriteByte                             0x08007933   Thumb Code    46  rc522.o(.text)
    SPI2_Init                                0x08007961   Thumb Code   182  rc522.o(.text)
    WriteRawRC                               0x08007a17   Thumb Code    42  rc522.o(.text)
    ReadRawRC                                0x08007a41   Thumb Code    50  rc522.o(.text)
    SetBitMask                               0x08007a73   Thumb Code    28  rc522.o(.text)
    PcdAntennaOn                             0x08007a8f   Thumb Code    26  rc522.o(.text)
    ClearBitMask                             0x08007aa9   Thumb Code    28  rc522.o(.text)
    M500PcdConfigISOType                     0x08007ac5   Thumb Code    94  rc522.o(.text)
    PcdAntennaOff                            0x08007b23   Thumb Code    12  rc522.o(.text)
    PcdReset                                 0x08007b2f   Thumb Code   124  rc522.o(.text)
    Rc522_Init                               0x08007bab   Thumb Code    26  rc522.o(.text)
    Reset_RC522                              0x08007bc5   Thumb Code    16  rc522.o(.text)
    PcdComMF522                              0x08007bd5   Thumb Code   340  rc522.o(.text)
    PcdRequest                               0x08007d29   Thumb Code    86  rc522.o(.text)
    PcdAnticoll                              0x08007d7f   Thumb Code   112  rc522.o(.text)
    CalulateCRC                              0x08007def   Thumb Code   108  rc522.o(.text)
    PcdSelect                                0x08007e5b   Thumb Code   116  rc522.o(.text)
    PcdAuthState                             0x08007ecf   Thumb Code    86  rc522.o(.text)
    PcdRead                                  0x08007f25   Thumb Code    86  rc522.o(.text)
    PcdWrite                                 0x08007f7b   Thumb Code   150  rc522.o(.text)
    PcdHalt                                  0x08008011   Thumb Code    52  rc522.o(.text)
    PcdValue                                 0x08008045   Thumb Code   188  rc522.o(.text)
    PcdBakValue                              0x08008101   Thumb Code   202  rc522.o(.text)
    Regist_ID                                0x080081cb   Thumb Code   166  rc522.o(.text)
    Recong_ID                                0x08008271   Thumb Code   124  rc522.o(.text)
    Recong_ID_zhuye                          0x080082ed   Thumb Code   160  rc522.o(.text)
    HC_SR501_Init                            0x080083b9   Thumb Code    32  hcsr501.o(.text)
    HC_SR501_Statue                          0x080083d9   Thumb Code    14  hcsr501.o(.text)
    JQ8400_Init                              0x080083f1   Thumb Code    72  jq8400.o(.text)
    JQ8400_SendData                          0x08008439   Thumb Code   104  jq8400.o(.text)
    JQ8400_SendCmd                           0x080084a1   Thumb Code    68  jq8400.o(.text)
    JQ8400_SetVolume                         0x080084e5   Thumb Code    74  jq8400.o(.text)
    JQ8400_VoliceNum                         0x0800852f   Thumb Code   344  jq8400.o(.text)
    Remote_Init                              0x0800869d   Thumb Code   176  remote.o(.text)
    TIM5_IRQHandler                          0x0800874d   Thumb Code   384  remote.o(.text)
    Remote_Scan                              0x080088cd   Thumb Code    98  remote.o(.text)
    Deal_Remote                              0x0800892f   Thumb Code   208  remote.o(.text)
    Reset_Error_Flag                         0x08008a3d   Thumb Code   106  pwd.o(.text)
    DistinguishSum                           0x08008aa7   Thumb Code   204  pwd.o(.text)
    pwd_verify                               0x08008b73   Thumb Code   334  pwd.o(.text)
    Enter_pwd                                0x08008cc1   Thumb Code   738  pwd.o(.text)
    pwd_add                                  0x08008fa3   Thumb Code   948  pwd.o(.text)
    AddSum                                   0x08009357   Thumb Code   616  pwd.o(.text)
    Register_Admins                          0x080095bf   Thumb Code   418  pwd.o(.text)
    DeleteDisSum                             0x08009761   Thumb Code   616  pwd.o(.text)
    DeletenumSum                             0x080099c9   Thumb Code   596  pwd.o(.text)
    ClearSum                                 0x08009c1d   Thumb Code   694  pwd.o(.text)
    Open_Way                                 0x08009ed3   Thumb Code   886  pwd.o(.text)
    ReSet_Flag                               0x0800a275   Thumb Code   244  menu_option.o(.text)
    RESET_Switch                             0x0800a369   Thumb Code   108  menu_option.o(.text)
    SetPage                                  0x0800a3d5   Thumb Code   124  menu_option.o(.text)
    menu                                     0x0800a451   Thumb Code  7392  menu_option.o(.text)
    __use_no_semihosting                     0x0800c161   Thumb Code     2  use_no_semi_2.o(.text)
    __c89vsprintf                            0x0800c165   Thumb Code    32  c89vsprintf.o(.text)
    __2printf                                0x0800c189   Thumb Code    20  __2printf.o(.text)
    _printf_str                              0x0800c1a1   Thumb Code    82  _printf_str.o(.text)
    __printf                                 0x0800c1f5   Thumb Code   388  __printf_flags_ss_wp.o(.text)
    strstr                                   0x0800c37d   Thumb Code    36  strstr.o(.text)
    strlen                                   0x0800c3a1   Thumb Code    62  strlen.o(.text)
    __aeabi_memclr                           0x0800c3df   Thumb Code     0  rt_memclr.o(.text)
    __rt_memclr                              0x0800c3df   Thumb Code    68  rt_memclr.o(.text)
    _memset                                  0x0800c3e3   Thumb Code     0  rt_memclr.o(.text)
    __aeabi_memclr4                          0x0800c423   Thumb Code     0  rt_memclr_w.o(.text)
    __aeabi_memclr8                          0x0800c423   Thumb Code     0  rt_memclr_w.o(.text)
    __rt_memclr_w                            0x0800c423   Thumb Code    78  rt_memclr_w.o(.text)
    _memset_w                                0x0800c427   Thumb Code     0  rt_memclr_w.o(.text)
    __use_two_region_memory                  0x0800c471   Thumb Code     2  heapauxi.o(.text)
    __rt_heap_escrow$2region                 0x0800c473   Thumb Code     2  heapauxi.o(.text)
    __rt_heap_expand$2region                 0x0800c475   Thumb Code     2  heapauxi.o(.text)
    __I$use$semihosting                      0x0800c477   Thumb Code     0  use_no_semi.o(.text)
    __use_no_semihosting_swi                 0x0800c477   Thumb Code     2  use_no_semi.o(.text)
    _printf_pre_padding                      0x0800c479   Thumb Code    44  _printf_pad.o(.text)
    _printf_post_padding                     0x0800c4a5   Thumb Code    34  _printf_pad.o(.text)
    _printf_truncate_signed                  0x0800c4c7   Thumb Code    18  _printf_truncate.o(.text)
    _printf_truncate_unsigned                0x0800c4d9   Thumb Code    18  _printf_truncate.o(.text)
    _printf_int_dec                          0x0800c4ed   Thumb Code   104  _printf_dec.o(.text)
    _printf_charcount                        0x0800c565   Thumb Code    40  _printf_charcount.o(.text)
    _printf_char_common                      0x0800c597   Thumb Code    32  _printf_char_common.o(.text)
    _sputc                                   0x0800c5bd   Thumb Code    10  _sputc.o(.text)
    _printf_cs_common                        0x0800c5c7   Thumb Code    20  _printf_char.o(.text)
    _printf_char                             0x0800c5db   Thumb Code    16  _printf_char.o(.text)
    _printf_string                           0x0800c5eb   Thumb Code     8  _printf_char.o(.text)
    _printf_char_file                        0x0800c5f5   Thumb Code    32  _printf_char_file.o(.text)
    _printf_wctomb                           0x0800c619   Thumb Code   182  _printf_wctomb.o(.text)
    _printf_longlong_dec                     0x0800c6d5   Thumb Code   108  _printf_longlong_dec.o(.text)
    _printf_longlong_oct                     0x0800c751   Thumb Code    68  _printf_oct_int_ll.o(.text)
    _printf_int_oct                          0x0800c795   Thumb Code    24  _printf_oct_int_ll.o(.text)
    _printf_ll_oct                           0x0800c7ad   Thumb Code    12  _printf_oct_int_ll.o(.text)
    _printf_longlong_hex                     0x0800c7c1   Thumb Code    86  _printf_hex_int_ll_ptr.o(.text)
    _printf_int_hex                          0x0800c817   Thumb Code    28  _printf_hex_int_ll_ptr.o(.text)
    _printf_ll_hex                           0x0800c833   Thumb Code    12  _printf_hex_int_ll_ptr.o(.text)
    _printf_hex_ptr                          0x0800c83f   Thumb Code    18  _printf_hex_int_ll_ptr.o(.text)
    _ll_udiv10                               0x0800c855   Thumb Code   138  lludiv10.o(.text)
    _printf_int_common                       0x0800c8df   Thumb Code   178  _printf_intcommon.o(.text)
    __lib_sel_fp_printf                      0x0800c991   Thumb Code     2  _printf_fp_dec.o(.text)
    _printf_fp_dec_real                      0x0800cb3f   Thumb Code   620  _printf_fp_dec.o(.text)
    _printf_lcs_common                       0x0800cdab   Thumb Code    20  _printf_wchar.o(.text)
    _printf_wchar                            0x0800cdbf   Thumb Code    16  _printf_wchar.o(.text)
    _printf_wstring                          0x0800cdcf   Thumb Code     8  _printf_wchar.o(.text)
    ferror                                   0x0800cdd7   Thumb Code     8  ferror.o(.text)
    _wcrtomb                                 0x0800cddf   Thumb Code    64  _wcrtomb.o(.text)
    __user_setup_stackheap                   0x0800ce1f   Thumb Code    74  sys_stackheap_outer.o(.text)
    __rt_ctype_table                         0x0800ce69   Thumb Code    16  rt_ctype_table.o(.text)
    __rt_locale                              0x0800ce79   Thumb Code     8  rt_locale_intlibspace.o(.text)
    _printf_fp_infnan                        0x0800ce81   Thumb Code   112  _printf_fp_infnan.o(.text)
    _btod_etento                             0x0800cf01   Thumb Code   216  bigflt0.o(.text)
    exit                                     0x0800cfdd   Thumb Code    12  exit.o(.text)
    __user_libspace                          0x0800cfe9   Thumb Code     8  libspace.o(.text)
    __user_perproc_libspace                  0x0800cfe9   Thumb Code     0  libspace.o(.text)
    __user_perthread_libspace                0x0800cfe9   Thumb Code     0  libspace.o(.text)
    strcmp                                   0x0800cff1   Thumb Code   128  strcmpv7m.o(.text)
    _btod_d2e                                0x0800d071   Thumb Code    62  btod.o(CL$$btod_d2e)
    _d2e_denorm_low                          0x0800d0af   Thumb Code    70  btod.o(CL$$btod_d2e_denorm_low)
    _d2e_norm_op1                            0x0800d0f5   Thumb Code    96  btod.o(CL$$btod_d2e_norm_op1)
    __btod_div_common                        0x0800d155   Thumb Code   696  btod.o(CL$$btod_div_common)
    _e2e                                     0x0800d48d   Thumb Code   198  btod.o(CL$$btod_e2e)
    _btod_ediv                               0x0800d553   Thumb Code    40  btod.o(CL$$btod_ediv)
    _btod_emul                               0x0800d57b   Thumb Code    40  btod.o(CL$$btod_emul)
    __btod_mult_common                       0x0800d5a3   Thumb Code   580  btod.o(CL$$btod_mult_common)
    __ARM_fpclassify                         0x0800d7e7   Thumb Code    40  fpclassify.o(i.__ARM_fpclassify)
    _is_digit                                0x0800d80f   Thumb Code    14  __printf_wp.o(i._is_digit)
    _get_lc_numeric                          0x0800d81d   Thumb Code    44  lc_numeric_c.o(locale$$code)
    _get_lc_ctype                            0x0800d849   Thumb Code    44  lc_ctype_c.o(locale$$code)
    __aeabi_dadd                             0x0800d875   Thumb Code     0  daddsub_clz.o(x$fpl$dadd)
    _dadd                                    0x0800d875   Thumb Code   332  daddsub_clz.o(x$fpl$dadd)
    __aeabi_d2uiz                            0x0800d9c5   Thumb Code     0  dfixu.o(x$fpl$dfixu)
    _dfixu                                   0x0800d9c5   Thumb Code    90  dfixu.o(x$fpl$dfixu)
    __aeabi_ui2d                             0x0800da1f   Thumb Code     0  dflt_clz.o(x$fpl$dfltu)
    _dfltu                                   0x0800da1f   Thumb Code    38  dflt_clz.o(x$fpl$dfltu)
    __aeabi_dmul                             0x0800da45   Thumb Code     0  dmul.o(x$fpl$dmul)
    _dmul                                    0x0800da45   Thumb Code   332  dmul.o(x$fpl$dmul)
    __fpl_dnaninf                            0x0800db99   Thumb Code   156  dnaninf.o(x$fpl$dnaninf)
    __fpl_dretinf                            0x0800dc35   Thumb Code    12  dretinf.o(x$fpl$dretinf)
    __aeabi_drsub                            0x0800dc41   Thumb Code     0  daddsub_clz.o(x$fpl$drsb)
    _drsb                                    0x0800dc41   Thumb Code    22  daddsub_clz.o(x$fpl$drsb)
    __aeabi_dsub                             0x0800dc59   Thumb Code     0  daddsub_clz.o(x$fpl$dsub)
    _dsub                                    0x0800dc59   Thumb Code   464  daddsub_clz.o(x$fpl$dsub)
    _printf_fp_dec                           0x0800de2d   Thumb Code     4  printf1.o(x$fpl$printf1)
    __I$use$fp                               0x0800de30   Number         0  usenofp.o(x$fpl$usenofp)
    ascii                                    0x0800de30   Data        1520  ascii.o(.constdata)
    china                                    0x0800e420   Data        3840  china.o(.constdata)
    table_week                               0x0800f320   Data          12  rtc.o(.constdata)
    mon_table                                0x0800f32c   Data          12  rtc.o(.constdata)
    data1                                    0x0800f338   Data          16  rc522.o(.constdata)
    data2                                    0x0800f348   Data           4  rc522.o(.constdata)
    DefaultKey                               0x0800f34c   Data           6  rc522.o(.constdata)
    Region$$Table$$Base                      0x0800f428   Number         0  anon$$obj.o(Region$$Table)
    Region$$Table$$Limit                     0x0800f448   Number         0  anon$$obj.o(Region$$Table)
    __ctype                                  0x0800f471   Data           0  lc_ctype_c.o(locale$$data)
    Mode                                     0x20000000   Data           1  main.o(.data)
    FIN_FLAG                                 0x20000001   Data           1  main.o(.data)
    comu                                     0x20000002   Data           1  main.o(.data)
    ic_switch                                0x20000003   Data           1  main.o(.data)
    Verify_Flag                              0x20000004   Data           1  main.o(.data)
    Touch_flag                               0x20000005   Data           1  main.o(.data)
    re_flag                                  0x20000006   Data           1  main.o(.data)
    respond_flag                             0x20000007   Data           1  main.o(.data)
    Page0                                    0x20000008   Data           1  main.o(.data)
    Page1                                    0x20000009   Data           1  main.o(.data)
    Page2                                    0x2000000a   Data           1  main.o(.data)
    Page3                                    0x2000000b   Data           1  main.o(.data)
    Page0_0                                  0x2000000c   Data           1  main.o(.data)
    Page1_1                                  0x2000000d   Data           1  main.o(.data)
    Page2_2                                  0x2000000e   Data           1  main.o(.data)
    Page3_3                                  0x2000000f   Data           1  main.o(.data)
    value_num                                0x20000010   Data           1  main.o(.data)
    Error_Flag                               0x20000011   Data           1  main.o(.data)
    ic_f                                     0x20000012   Data           1  main.o(.data)
    key_value                                0x20000013   Data           1  main.o(.data)
    t                                        0x20000014   Data           1  main.o(.data)
    show_flag                                0x20000015   Data           1  main.o(.data)
    reset_sw                                 0x20000016   Data           1  main.o(.data)
    timer3_open                              0x20000017   Data           1  main.o(.data)
    TimingDelay_flag                         0x20000018   Data           1  main.o(.data)
    Remote_Error                             0x20000019   Data           1  main.o(.data)
    Remote_status                            0x2000001a   Data           1  main.o(.data)
    Remote_flag                              0x2000001b   Data           1  main.o(.data)
    Language                                 0x2000001c   Data           1  main.o(.data)
    nIndex_temp                              0x2000001e   Data           4  main.o(.data)
    nIndex_num                               0x20000022   Data           2  main.o(.data)
    timingdelay                              0x20000024   Data           4  main.o(.data)
    TimingDelay                              0x20000028   Data           4  main.o(.data)
    menu_now                                 0x2000002c   Data           4  main.o(.data)
    lowerpower_now                           0x20000030   Data           4  main.o(.data)
    Low_Timeout                              0x20000034   Data           4  main.o(.data)
    SystemCoreClock                          0x20000038   Data           4  system_stm32f10x.o(.data)
    AHBPrescTable                            0x2000003c   Data          16  system_stm32f10x.o(.data)
    __stdout                                 0x20000064   Data           4  usart.o(.data)
    USART_RX_STA                             0x20000068   Data           2  usart.o(.data)
    time_sec                                 0x2000006c   Data           2  timer.o(.data)
    time_min                                 0x2000006e   Data           2  timer.o(.data)
    time_min_hcsr                            0x20000070   Data           2  timer.o(.data)
    time_hour                                0x20000072   Data           2  timer.o(.data)
    hcsr501_flag                             0x20000074   Data           2  timer.o(.data)
    UART5_RX_STA                             0x20000076   Data           2  uart5.o(.data)
    AS608Addr                                0x20000078   Data           4  as608.o(.data)
    match                                    0x2000007c   Data           4  as608.o(.data)
    g_flagloop                               0x20000080   Data           1  as608.o(.data)
    man_num                                  0x20000082   Data           2  as608.o(.data)
    user_num                                 0x20000084   Data           2  as608.o(.data)
    startIdentifyflag                        0x20000086   Data           1  as608.o(.data)
    Volume_Flag                              0x20000088   Data           1  flash.o(.data)
    FLASH_APP1_SAVE_test                     0x2000008c   Data           4  flash.o(.data)
    FLASH_APP1_Clear_ADDR                    0x20000090   Data           4  flash.o(.data)
    Record_Save_num                          0x20000094   Data           1  flash.o(.data)
    Record_Save_Flag                         0x20000095   Data           1  flash.o(.data)
    Record_Show                              0x20000096   Data           2  flash.o(.data)
    time_real                                0x20000098   Data          10  flash.o(.data)
    CT                                       0x200000a8   Data           2  rc522.o(.data)
    SN                                       0x200000aa   Data           4  rc522.o(.data)
    lxl_bit                                  0x200000ae   Data           1  rc522.o(.data)
    card1_bit                                0x200000af   Data           1  rc522.o(.data)
    card2_bit                                0x200000b0   Data           1  rc522.o(.data)
    card3_bit                                0x200000b1   Data           1  rc522.o(.data)
    card4_bit                                0x200000b2   Data           1  rc522.o(.data)
    total                                    0x200000b3   Data           1  rc522.o(.data)
    lxl                                      0x200000b4   Data           4  rc522.o(.data)
    card_1                                   0x200000b8   Data           4  rc522.o(.data)
    card_2                                   0x200000bc   Data           4  rc522.o(.data)
    card_3                                   0x200000c0   Data           4  rc522.o(.data)
    card_4                                   0x200000c4   Data           4  rc522.o(.data)
    KEY                                      0x200000c8   Data           6  rc522.o(.data)
    RFID1                                    0x200000ce   Data          16  rc522.o(.data)
    status                                   0x200000de   Data           1  rc522.o(.data)
    sta                                      0x200000e0   Data           1  remote.o(.data)
    RmtSta                                   0x200000e1   Data           1  remote.o(.data)
    Dval                                     0x200000e2   Data           2  remote.o(.data)
    RmtRec                                   0x200000e4   Data           4  remote.o(.data)
    RmtCnt                                   0x200000e8   Data           1  remote.o(.data)
    Hold_Open_Door                           0x200000f0   Data           1  pwd.o(.data)
    Status_Lock                              0x200000f1   Data           1  pwd.o(.data)
    Double_Verify                            0x200000f2   Data           1  pwd.o(.data)
    Open_Way_flag                            0x200000f3   Data           1  pwd.o(.data)
    pwd_timeout                              0x200000f4   Data           4  pwd.o(.data)
    len_test                                 0x200000f8   Data           1  pwd.o(.data)
    len_testi                                0x200000f9   Data           1  pwd.o(.data)
    len_testj                                0x200000fa   Data           1  pwd.o(.data)
    test_nums                                0x200000fb   Data           1  pwd.o(.data)
    voice_flag                               0x20000100   Data           1  menu_option.o(.data)
    page_ic                                  0x20000101   Data           1  menu_option.o(.data)
    icreadcnt                                0x20000102   Data           2  menu_option.o(.data)
    value_nums                               0x20000104   Data           2  menu_option.o(.data)
    num1                                     0x20000106   Data           2  menu_option.o(.data)
    input_num                                0x20000108   Data           1  menu_option.o(.data)
    touch_flag                               0x20000112   Data           1  lower_power.o(.data)
    Temp_Pwd                                 0x20000114   Data          22  main.o(.bss)
    USART_RX_BUF                             0x2000012a   Data         200  usart.o(.bss)
    OLED_GRAM                                0x200001f2   Data        1024  oled.o(.bss)
    UART5_RX_BUF                             0x200005f2   Data         400  uart5.o(.bss)
    UART5_TX_BUF                             0x20000782   Data         400  uart5.o(.bss)
    Record                                   0x20000912   Data          16  flash.o(.bss)
    calendar                                 0x20000922   Data          10  rtc.o(.bss)
    RFID                                     0x2000092c   Data          16  rc522.o(.bss)
    g_ucTempbuf                              0x2000093c   Data          20  rc522.o(.bss)
    testtable                                0x20000950   Data          12  jq8400.o(.bss)
    TempPWD                                  0x2000095c   Data          12  pwd.o(.bss)
    IC                                       0x20000968   Data         810  menu_option.o(.bss)
    Fin                                      0x20000c92   Data         111  menu_option.o(.bss)
    Pwd                                      0x20000d01   Data         341  menu_option.o(.bss)
    Flash                                    0x20000e56   Data        2080  menu_option.o(.bss)
    SumGen                                   0x20001676   Data         659  menu_option.o(.bss)
    Input                                    0x20001909   Data          11  menu_option.o(.bss)
    __libspace_start                         0x20001914   Data          96  libspace.o(.bss)
    __temporary_stack_top$libspace           0x20001974   Data           0  libspace.o(.bss)



==============================================================================

Memory Map of the image

  Image Entry point : 0x08000131

  Load Region LR_IROM1 (Base: 0x08000000, Size: 0x0000f688, Max: 0x00040000, ABSOLUTE)

    Execution Region ER_IROM1 (Base: 0x08000000, Size: 0x0000f574, Max: 0x00040000, ABSOLUTE)

    Base Addr    Size         Type   Attr      Idx    E Section Name        Object

    0x08000000   0x00000130   Data   RO          231    RESET               startup_stm32f10x_hd.o
    0x08000130   0x00000008   Code   RO          960  * !!!main             c_w.l(__main.o)
    0x08000138   0x00000034   Code   RO         1271    !!!scatter          c_w.l(__scatter.o)
    0x0800016c   0x0000001a   Code   RO         1273    !!handler_copy      c_w.l(__scatter_copy.o)
    0x08000186   0x00000002   PAD
    0x08000188   0x0000001c   Code   RO         1275    !!handler_zi        c_w.l(__scatter_zi.o)
    0x080001a4   0x00000000   Code   RO          949    .ARM.Collect$$_printf_percent$$00000000  c_w.l(_printf_percent.o)
    0x080001a4   0x00000006   Code   RO         1032    .ARM.Collect$$_printf_percent$$00000001  c_w.l(_printf_n.o)
    0x080001aa   0x00000006   Code   RO         1034    .ARM.Collect$$_printf_percent$$00000002  c_w.l(_printf_p.o)
    0x080001b0   0x00000006   Code   RO         1039    .ARM.Collect$$_printf_percent$$00000003  c_w.l(_printf_f.o)
    0x080001b6   0x00000006   Code   RO         1040    .ARM.Collect$$_printf_percent$$00000004  c_w.l(_printf_e.o)
    0x080001bc   0x00000006   Code   RO         1041    .ARM.Collect$$_printf_percent$$00000005  c_w.l(_printf_g.o)
    0x080001c2   0x00000006   Code   RO         1042    .ARM.Collect$$_printf_percent$$00000006  c_w.l(_printf_a.o)
    0x080001c8   0x0000000a   Code   RO         1047    .ARM.Collect$$_printf_percent$$00000007  c_w.l(_printf_ll.o)
    0x080001d2   0x00000006   Code   RO         1036    .ARM.Collect$$_printf_percent$$00000008  c_w.l(_printf_i.o)
    0x080001d8   0x00000006   Code   RO         1037    .ARM.Collect$$_printf_percent$$00000009  c_w.l(_printf_d.o)
    0x080001de   0x00000006   Code   RO         1038    .ARM.Collect$$_printf_percent$$0000000A  c_w.l(_printf_u.o)
    0x080001e4   0x00000006   Code   RO         1035    .ARM.Collect$$_printf_percent$$0000000B  c_w.l(_printf_o.o)
    0x080001ea   0x00000006   Code   RO         1033    .ARM.Collect$$_printf_percent$$0000000C  c_w.l(_printf_x.o)
    0x080001f0   0x00000006   Code   RO         1044    .ARM.Collect$$_printf_percent$$0000000D  c_w.l(_printf_lli.o)
    0x080001f6   0x00000006   Code   RO         1045    .ARM.Collect$$_printf_percent$$0000000E  c_w.l(_printf_lld.o)
    0x080001fc   0x00000006   Code   RO         1046    .ARM.Collect$$_printf_percent$$0000000F  c_w.l(_printf_llu.o)
    0x08000202   0x00000006   Code   RO         1051    .ARM.Collect$$_printf_percent$$00000010  c_w.l(_printf_llo.o)
    0x08000208   0x00000006   Code   RO         1052    .ARM.Collect$$_printf_percent$$00000011  c_w.l(_printf_llx.o)
    0x0800020e   0x0000000a   Code   RO         1048    .ARM.Collect$$_printf_percent$$00000012  c_w.l(_printf_l.o)
    0x08000218   0x00000006   Code   RO          948    .ARM.Collect$$_printf_percent$$00000013  c_w.l(_printf_c.o)
    0x0800021e   0x00000006   Code   RO         1031    .ARM.Collect$$_printf_percent$$00000014  c_w.l(_printf_s.o)
    0x08000224   0x00000006   Code   RO         1049    .ARM.Collect$$_printf_percent$$00000015  c_w.l(_printf_lc.o)
    0x0800022a   0x00000006   Code   RO         1050    .ARM.Collect$$_printf_percent$$00000016  c_w.l(_printf_ls.o)
    0x08000230   0x00000004   Code   RO         1043    .ARM.Collect$$_printf_percent$$00000017  c_w.l(_printf_percent_end.o)
    0x08000234   0x00000002   Code   RO         1137    .ARM.Collect$$libinit$$00000000  c_w.l(libinit.o)
    0x08000236   0x00000000   Code   RO         1153    .ARM.Collect$$libinit$$00000002  c_w.l(libinit2.o)
    0x08000236   0x00000000   Code   RO         1155    .ARM.Collect$$libinit$$00000004  c_w.l(libinit2.o)
    0x08000236   0x00000000   Code   RO         1158    .ARM.Collect$$libinit$$0000000A  c_w.l(libinit2.o)
    0x08000236   0x00000000   Code   RO         1160    .ARM.Collect$$libinit$$0000000C  c_w.l(libinit2.o)
    0x08000236   0x00000000   Code   RO         1162    .ARM.Collect$$libinit$$0000000E  c_w.l(libinit2.o)
    0x08000236   0x00000006   Code   RO         1163    .ARM.Collect$$libinit$$0000000F  c_w.l(libinit2.o)
    0x0800023c   0x00000000   Code   RO         1165    .ARM.Collect$$libinit$$00000011  c_w.l(libinit2.o)
    0x0800023c   0x0000000c   Code   RO         1166    .ARM.Collect$$libinit$$00000012  c_w.l(libinit2.o)
    0x08000248   0x00000000   Code   RO         1167    .ARM.Collect$$libinit$$00000013  c_w.l(libinit2.o)
    0x08000248   0x00000000   Code   RO         1169    .ARM.Collect$$libinit$$00000015  c_w.l(libinit2.o)
    0x08000248   0x0000000a   Code   RO         1170    .ARM.Collect$$libinit$$00000016  c_w.l(libinit2.o)
    0x08000252   0x00000000   Code   RO         1171    .ARM.Collect$$libinit$$00000017  c_w.l(libinit2.o)
    0x08000252   0x00000000   Code   RO         1173    .ARM.Collect$$libinit$$00000019  c_w.l(libinit2.o)
    0x08000252   0x00000000   Code   RO         1175    .ARM.Collect$$libinit$$0000001B  c_w.l(libinit2.o)
    0x08000252   0x00000000   Code   RO         1177    .ARM.Collect$$libinit$$0000001D  c_w.l(libinit2.o)
    0x08000252   0x00000000   Code   RO         1179    .ARM.Collect$$libinit$$0000001F  c_w.l(libinit2.o)
    0x08000252   0x00000000   Code   RO         1181    .ARM.Collect$$libinit$$00000021  c_w.l(libinit2.o)
    0x08000252   0x00000000   Code   RO         1183    .ARM.Collect$$libinit$$00000023  c_w.l(libinit2.o)
    0x08000252   0x00000000   Code   RO         1185    .ARM.Collect$$libinit$$00000025  c_w.l(libinit2.o)
    0x08000252   0x00000000   Code   RO         1189    .ARM.Collect$$libinit$$0000002C  c_w.l(libinit2.o)
    0x08000252   0x00000000   Code   RO         1191    .ARM.Collect$$libinit$$0000002E  c_w.l(libinit2.o)
    0x08000252   0x00000000   Code   RO         1193    .ARM.Collect$$libinit$$00000030  c_w.l(libinit2.o)
    0x08000252   0x00000000   Code   RO         1195    .ARM.Collect$$libinit$$00000032  c_w.l(libinit2.o)
    0x08000252   0x00000002   Code   RO         1196    .ARM.Collect$$libinit$$00000033  c_w.l(libinit2.o)
    0x08000254   0x00000002   Code   RO         1214    .ARM.Collect$$libshutdown$$00000000  c_w.l(libshutdown.o)
    0x08000256   0x00000000   Code   RO         1225    .ARM.Collect$$libshutdown$$00000003  c_w.l(libshutdown2.o)
    0x08000256   0x00000000   Code   RO         1228    .ARM.Collect$$libshutdown$$00000006  c_w.l(libshutdown2.o)
    0x08000256   0x00000000   Code   RO         1231    .ARM.Collect$$libshutdown$$00000009  c_w.l(libshutdown2.o)
    0x08000256   0x00000000   Code   RO         1233    .ARM.Collect$$libshutdown$$0000000B  c_w.l(libshutdown2.o)
    0x08000256   0x00000000   Code   RO         1236    .ARM.Collect$$libshutdown$$0000000E  c_w.l(libshutdown2.o)
    0x08000256   0x00000002   Code   RO         1237    .ARM.Collect$$libshutdown$$0000000F  c_w.l(libshutdown2.o)
    0x08000258   0x00000000   Code   RO          982    .ARM.Collect$$rtentry$$00000000  c_w.l(__rtentry.o)
    0x08000258   0x00000000   Code   RO         1061    .ARM.Collect$$rtentry$$00000002  c_w.l(__rtentry2.o)
    0x08000258   0x00000006   Code   RO         1073    .ARM.Collect$$rtentry$$00000004  c_w.l(__rtentry4.o)
    0x0800025e   0x00000000   Code   RO         1063    .ARM.Collect$$rtentry$$00000009  c_w.l(__rtentry2.o)
    0x0800025e   0x00000004   Code   RO         1064    .ARM.Collect$$rtentry$$0000000A  c_w.l(__rtentry2.o)
    0x08000262   0x00000000   Code   RO         1066    .ARM.Collect$$rtentry$$0000000C  c_w.l(__rtentry2.o)
    0x08000262   0x00000008   Code   RO         1067    .ARM.Collect$$rtentry$$0000000D  c_w.l(__rtentry2.o)
    0x0800026a   0x00000002   Code   RO         1145    .ARM.Collect$$rtexit$$00000000  c_w.l(rtexit.o)
    0x0800026c   0x00000000   Code   RO         1198    .ARM.Collect$$rtexit$$00000002  c_w.l(rtexit2.o)
    0x0800026c   0x00000004   Code   RO         1199    .ARM.Collect$$rtexit$$00000003  c_w.l(rtexit2.o)
    0x08000270   0x00000006   Code   RO         1200    .ARM.Collect$$rtexit$$00000004  c_w.l(rtexit2.o)
    0x08000276   0x00000002   PAD
    0x08000278   0x00000528   Code   RO            1    .text               main.o
    0x080007a0   0x0000001a   Code   RO          185    .text               stm32f10x_it.o
    0x080007ba   0x00000002   PAD
    0x080007bc   0x000001e0   Code   RO          200    .text               system_stm32f10x.o
    0x0800099c   0x00000040   Code   RO          232    .text               startup_stm32f10x_hd.o
    0x080009dc   0x000000dc   Code   RO          236    .text               misc.o
    0x08000ab8   0x000000c4   Code   RO          286    .text               stm32f10x_bkp.o
    0x08000b7c   0x000005bc   Code   RO          382    .text               stm32f10x_flash.o
    0x08001138   0x0000035c   Code   RO          406    .text               stm32f10x_gpio.o
    0x08001494   0x000000cc   Code   RO          430    .text               stm32f10x_pwr.o
    0x08001560   0x000003a4   Code   RO          442    .text               stm32f10x_rcc.o
    0x08001904   0x00000148   Code   RO          456    .text               stm32f10x_rtc.o
    0x08001a4c   0x00000e1a   Code   RO          492    .text               stm32f10x_tim.o
    0x08002866   0x00000002   PAD
    0x08002868   0x00000408   Code   RO          504    .text               stm32f10x_usart.o
    0x08002c70   0x000000d4   Code   RO          528    .text               delay.o
    0x08002d44   0x00000140   Code   RO          558    .text               usart.o
    0x08002e84   0x00002008   Code   RO          595    .text               func.o
    0x08004e8c   0x000007e8   Code   RO          641    .text               oled.o
    0x08005674   0x000001cc   Code   RO          661    .text               timer.o
    0x08005840   0x00000184   Code   RO          680    .text               uart5.o
    0x080059c4   0x00000b5c   Code   RO          706    .text               as608.o
    0x08006520   0x00000b18   Code   RO          728    .text               flash.o
    0x08007038   0x0000056c   Code   RO          749    .text               key.o
    0x080075a4   0x0000037c   Code   RO          778    .text               rtc.o
    0x08007920   0x00000a98   Code   RO          798    .text               rc522.o
    0x080083b8   0x00000038   Code   RO          815    .text               hcsr501.o
    0x080083f0   0x000002ac   Code   RO          827    .text               jq8400.o
    0x0800869c   0x000003a0   Code   RO          842    .text               remote.o
    0x08008a3c   0x00001838   Code   RO          860    .text               pwd.o
    0x0800a274   0x00001eec   Code   RO          880    .text               menu_option.o
    0x0800c160   0x00000002   Code   RO          916    .text               c_w.l(use_no_semi_2.o)
    0x0800c162   0x00000002   PAD
    0x0800c164   0x00000024   Code   RO          918    .text               c_w.l(c89vsprintf.o)
    0x0800c188   0x00000018   Code   RO          920    .text               c_w.l(__2printf.o)
    0x0800c1a0   0x00000052   Code   RO          926    .text               c_w.l(_printf_str.o)
    0x0800c1f2   0x00000002   PAD
    0x0800c1f4   0x00000188   Code   RO          945    .text               c_w.l(__printf_flags_ss_wp.o)
    0x0800c37c   0x00000024   Code   RO          950    .text               c_w.l(strstr.o)
    0x0800c3a0   0x0000003e   Code   RO          952    .text               c_w.l(strlen.o)
    0x0800c3de   0x00000044   Code   RO          954    .text               c_w.l(rt_memclr.o)
    0x0800c422   0x0000004e   Code   RO          956    .text               c_w.l(rt_memclr_w.o)
    0x0800c470   0x00000006   Code   RO          958    .text               c_w.l(heapauxi.o)
    0x0800c476   0x00000002   Code   RO          980    .text               c_w.l(use_no_semi.o)
    0x0800c478   0x0000004e   Code   RO          983    .text               c_w.l(_printf_pad.o)
    0x0800c4c6   0x00000024   Code   RO          985    .text               c_w.l(_printf_truncate.o)
    0x0800c4ea   0x00000002   PAD
    0x0800c4ec   0x00000078   Code   RO          987    .text               c_w.l(_printf_dec.o)
    0x0800c564   0x00000028   Code   RO          989    .text               c_w.l(_printf_charcount.o)
    0x0800c58c   0x00000030   Code   RO          991    .text               c_w.l(_printf_char_common.o)
    0x0800c5bc   0x0000000a   Code   RO          993    .text               c_w.l(_sputc.o)
    0x0800c5c6   0x0000002c   Code   RO          995    .text               c_w.l(_printf_char.o)
    0x0800c5f2   0x00000002   PAD
    0x0800c5f4   0x00000024   Code   RO          997    .text               c_w.l(_printf_char_file.o)
    0x0800c618   0x000000bc   Code   RO          999    .text               c_w.l(_printf_wctomb.o)
    0x0800c6d4   0x0000007c   Code   RO         1002    .text               c_w.l(_printf_longlong_dec.o)
    0x0800c750   0x00000070   Code   RO         1008    .text               c_w.l(_printf_oct_int_ll.o)
    0x0800c7c0   0x00000094   Code   RO         1028    .text               c_w.l(_printf_hex_int_ll_ptr.o)
    0x0800c854   0x0000008a   Code   RO         1075    .text               c_w.l(lludiv10.o)
    0x0800c8de   0x000000b2   Code   RO         1077    .text               c_w.l(_printf_intcommon.o)
    0x0800c990   0x0000041a   Code   RO         1079    .text               c_w.l(_printf_fp_dec.o)
    0x0800cdaa   0x0000002c   Code   RO         1083    .text               c_w.l(_printf_wchar.o)
    0x0800cdd6   0x00000008   Code   RO         1085    .text               c_w.l(ferror.o)
    0x0800cdde   0x00000040   Code   RO         1089    .text               c_w.l(_wcrtomb.o)
    0x0800ce1e   0x0000004a   Code   RO         1091    .text               c_w.l(sys_stackheap_outer.o)
    0x0800ce68   0x00000010   Code   RO         1093    .text               c_w.l(rt_ctype_table.o)
    0x0800ce78   0x00000008   Code   RO         1098    .text               c_w.l(rt_locale_intlibspace.o)
    0x0800ce80   0x00000080   Code   RO         1100    .text               c_w.l(_printf_fp_infnan.o)
    0x0800cf00   0x000000dc   Code   RO         1102    .text               c_w.l(bigflt0.o)
    0x0800cfdc   0x0000000c   Code   RO         1130    .text               c_w.l(exit.o)
    0x0800cfe8   0x00000008   Code   RO         1142    .text               c_w.l(libspace.o)
    0x0800cff0   0x00000080   Code   RO         1150    .text               c_w.l(strcmpv7m.o)
    0x0800d070   0x0000003e   Code   RO         1105    CL$$btod_d2e        c_w.l(btod.o)
    0x0800d0ae   0x00000046   Code   RO         1107    CL$$btod_d2e_denorm_low  c_w.l(btod.o)
    0x0800d0f4   0x00000060   Code   RO         1106    CL$$btod_d2e_norm_op1  c_w.l(btod.o)
    0x0800d154   0x00000338   Code   RO         1115    CL$$btod_div_common  c_w.l(btod.o)
    0x0800d48c   0x000000c6   Code   RO         1112    CL$$btod_e2e        c_w.l(btod.o)
    0x0800d552   0x00000028   Code   RO         1109    CL$$btod_ediv       c_w.l(btod.o)
    0x0800d57a   0x00000028   Code   RO         1108    CL$$btod_emul       c_w.l(btod.o)
    0x0800d5a2   0x00000244   Code   RO         1114    CL$$btod_mult_common  c_w.l(btod.o)
    0x0800d7e6   0x00000028   Code   RO         1140    i.__ARM_fpclassify  m_ws.l(fpclassify.o)
    0x0800d80e   0x0000000e   Code   RO          938    i._is_digit         c_w.l(__printf_wp.o)
    0x0800d81c   0x0000002c   Code   RO         1128    locale$$code        c_w.l(lc_numeric_c.o)
    0x0800d848   0x0000002c   Code   RO         1148    locale$$code        c_w.l(lc_ctype_c.o)
    0x0800d874   0x00000150   Code   RO          962    x$fpl$dadd          fz_ws.l(daddsub_clz.o)
    0x0800d9c4   0x0000005a   Code   RO          968    x$fpl$dfixu         fz_ws.l(dfixu.o)
    0x0800da1e   0x00000026   Code   RO          972    x$fpl$dfltu         fz_ws.l(dflt_clz.o)
    0x0800da44   0x00000154   Code   RO          978    x$fpl$dmul          fz_ws.l(dmul.o)
    0x0800db98   0x0000009c   Code   RO         1053    x$fpl$dnaninf       fz_ws.l(dnaninf.o)
    0x0800dc34   0x0000000c   Code   RO         1055    x$fpl$dretinf       fz_ws.l(dretinf.o)
    0x0800dc40   0x00000016   Code   RO          963    x$fpl$drsb          fz_ws.l(daddsub_clz.o)
    0x0800dc56   0x00000002   PAD
    0x0800dc58   0x000001d4   Code   RO          964    x$fpl$dsub          fz_ws.l(daddsub_clz.o)
    0x0800de2c   0x00000004   Code   RO         1057    x$fpl$printf1       fz_ws.l(printf1.o)
    0x0800de30   0x00000000   Code   RO         1059    x$fpl$usenofp       fz_ws.l(usenofp.o)
    0x0800de30   0x000005f0   Data   RO          581    .constdata          ascii.o
    0x0800e420   0x00000f00   Data   RO          588    .constdata          china.o
    0x0800f320   0x00000018   Data   RO          780    .constdata          rtc.o
    0x0800f338   0x0000001a   Data   RO          800    .constdata          rc522.o
    0x0800f352   0x00000011   Data   RO          946    .constdata          c_w.l(__printf_flags_ss_wp.o)
    0x0800f363   0x00000001   PAD
    0x0800f364   0x00000008   Data   RO         1000    .constdata          c_w.l(_printf_wctomb.o)
    0x0800f36c   0x00000028   Data   RO         1029    .constdata          c_w.l(_printf_hex_int_ll_ptr.o)
    0x0800f394   0x00000094   Data   RO         1103    .constdata          c_w.l(bigflt0.o)
    0x0800f428   0x00000020   Data   RO         1269    Region$$Table       anon$$obj.o
    0x0800f448   0x0000001c   Data   RO         1127    locale$$data        c_w.l(lc_numeric_c.o)
    0x0800f464   0x00000110   Data   RO         1147    locale$$data        c_w.l(lc_ctype_c.o)


    Execution Region RW_IRAM1 (Base: 0x20000000, Size: 0x00001f78, Max: 0x0000c000, ABSOLUTE)

    Base Addr    Size         Type   Attr      Idx    E Section Name        Object

    0x20000000   0x00000038   Data   RW            3    .data               main.o
    0x20000038   0x00000014   Data   RW          201    .data               system_stm32f10x.o
    0x2000004c   0x00000014   Data   RW          443    .data               stm32f10x_rcc.o
    0x20000060   0x00000004   Data   RW          529    .data               delay.o
    0x20000064   0x00000006   Data   RW          560    .data               usart.o
    0x2000006a   0x00000002   Data   RW          643    .data               oled.o
    0x2000006c   0x0000000a   Data   RW          662    .data               timer.o
    0x20000076   0x00000002   Data   RW          682    .data               uart5.o
    0x20000078   0x0000000f   Data   RW          707    .data               as608.o
    0x20000087   0x00000001   PAD
    0x20000088   0x0000001a   Data   RW          730    .data               flash.o
    0x200000a2   0x00000004   Data   RW          750    .data               key.o
    0x200000a6   0x00000002   Data   RW          781    .data               rtc.o
    0x200000a8   0x00000037   Data   RW          801    .data               rc522.o
    0x200000df   0x00000001   PAD
    0x200000e0   0x00000010   Data   RW          843    .data               remote.o
    0x200000f0   0x0000000f   Data   RW          862    .data               pwd.o
    0x200000ff   0x00000001   PAD
    0x20000100   0x00000012   Data   RW          882    .data               menu_option.o
    0x20000112   0x00000001   Data   RW          901    .data               lower_power.o
    0x20000113   0x00000001   PAD
    0x20000114   0x00000016   Zero   RW            2    .bss                main.o
    0x2000012a   0x000000c8   Zero   RW          559    .bss                usart.o
    0x200001f2   0x00000400   Zero   RW          642    .bss                oled.o
    0x200005f2   0x00000320   Zero   RW          681    .bss                uart5.o
    0x20000912   0x00000010   Zero   RW          729    .bss                flash.o
    0x20000922   0x0000000a   Zero   RW          779    .bss                rtc.o
    0x2000092c   0x00000024   Zero   RW          799    .bss                rc522.o
    0x20000950   0x0000000c   Zero   RW          828    .bss                jq8400.o
    0x2000095c   0x0000000c   Zero   RW          861    .bss                pwd.o
    0x20000968   0x00000fac   Zero   RW          881    .bss                menu_option.o
    0x20001914   0x00000060   Zero   RW         1143    .bss                c_w.l(libspace.o)
    0x20001974   0x00000004   PAD
    0x20001978   0x00000200   Zero   RW          230    HEAP                startup_stm32f10x_hd.o
    0x20001b78   0x00000400   Zero   RW          229    STACK               startup_stm32f10x_hd.o


==============================================================================

Image component sizes


      Code (inc. data)   RO Data    RW Data    ZI Data      Debug   Object Name

      2908        142          0         15          0       9898   as608.o
         0          0       1520          0          0        456   ascii.o
         0          0       3840          0          0        456   china.o
         0          0          0          0          0         32   core_cm3.o
       212         18          0          4          0       1067   delay.o
      2840        136          0         26         16       5986   flash.o
      8200       1468          0          0          0      10561   func.o
        56         10          0          0          0        736   hcsr501.o
       684         22          0          0         12       2279   jq8400.o
      1388         78          0          4          0      17020   key.o
         0          0          0          1          0        269   lower_power.o
      1320        114          0         56         22     260832   main.o
      7916        502          0         18       4012      11907   menu_option.o
       220         22          0          0          0     206677   misc.o
      2024         50          0          2       1024       6681   oled.o
      6200        302          0         15         12       8690   pwd.o
      2712         66         26         55         36       9610   rc522.o
       928         62          0         16          0       1982   remote.o
       892         28         24          2         10       3648   rtc.o
        64         26        304          0       1536        820   startup_stm32f10x_hd.o
       196          8          0          0          0       3508   stm32f10x_bkp.o
      1468         34          0          0          0       8078   stm32f10x_flash.o
       860         38          0          0          0       5689   stm32f10x_gpio.o
        26          0          0          0          0       1202   stm32f10x_it.o
       204         14          0          0          0       1939   stm32f10x_pwr.o
       932         36          0         20          0       8884   stm32f10x_rcc.o
       328          4          0          0          0       2690   stm32f10x_rtc.o
      3610         88          0          0          0      22176   stm32f10x_tim.o
      1032         22          0          0          0       8416   stm32f10x_usart.o
       480         38          0         20          0       1803   system_stm32f10x.o
       460         44          0         10          0       1747   timer.o
       388         28          0          2        800       2469   uart5.o
       320         16          0          6        200       3242   usart.o

    ----------------------------------------------------------------------
     48872       3416       5746        276       7680     631450   Object Totals
         0          0         32          0          0          0   (incl. Generated)
         4          0          0          4          0          0   (incl. Padding)

    ----------------------------------------------------------------------

      Code (inc. data)   RO Data    RW Data    ZI Data      Debug   Library Member Name

        24          4          0          0          0         84   __2printf.o
         8          0          0          0          0         68   __main.o
       392          4         17          0          0         92   __printf_flags_ss_wp.o
        14          0          0          0          0         68   __printf_wp.o
         0          0          0          0          0          0   __rtentry.o
        12          0          0          0          0          0   __rtentry2.o
         6          0          0          0          0          0   __rtentry4.o
        52          8          0          0          0          0   __scatter.o
        26          0          0          0          0          0   __scatter_copy.o
        28          0          0          0          0          0   __scatter_zi.o
         6          0          0          0          0          0   _printf_a.o
         6          0          0          0          0          0   _printf_c.o
        44          0          0          0          0        108   _printf_char.o
        48          6          0          0          0         96   _printf_char_common.o
        36          4          0          0          0         80   _printf_char_file.o
        40          0          0          0          0         68   _printf_charcount.o
         6          0          0          0          0          0   _printf_d.o
       120         16          0          0          0         92   _printf_dec.o
         6          0          0          0          0          0   _printf_e.o
         6          0          0          0          0          0   _printf_f.o
      1050          0          0          0          0        216   _printf_fp_dec.o
       128         16          0          0          0         84   _printf_fp_infnan.o
         6          0          0          0          0          0   _printf_g.o
       148          4         40          0          0        160   _printf_hex_int_ll_ptr.o
         6          0          0          0          0          0   _printf_i.o
       178          0          0          0          0         88   _printf_intcommon.o
        10          0          0          0          0          0   _printf_l.o
         6          0          0          0          0          0   _printf_lc.o
        10          0          0          0          0          0   _printf_ll.o
         6          0          0          0          0          0   _printf_lld.o
         6          0          0          0          0          0   _printf_lli.o
         6          0          0          0          0          0   _printf_llo.o
         6          0          0          0          0          0   _printf_llu.o
         6          0          0          0          0          0   _printf_llx.o
       124         16          0          0          0         92   _printf_longlong_dec.o
         6          0          0          0          0          0   _printf_ls.o
         6          0          0          0          0          0   _printf_n.o
         6          0          0          0          0          0   _printf_o.o
       112          8          0          0          0        124   _printf_oct_int_ll.o
         6          0          0          0          0          0   _printf_p.o
        78          0          0          0          0        108   _printf_pad.o
         0          0          0          0          0          0   _printf_percent.o
         4          0          0          0          0          0   _printf_percent_end.o
         6          0          0          0          0          0   _printf_s.o
        82          0          0          0          0         80   _printf_str.o
        36          0          0          0          0         84   _printf_truncate.o
         6          0          0          0          0          0   _printf_u.o
        44          0          0          0          0        108   _printf_wchar.o
       188          6          8          0          0         92   _printf_wctomb.o
         6          0          0          0          0          0   _printf_x.o
        10          0          0          0          0         68   _sputc.o
        64          0          0          0          0         92   _wcrtomb.o
       220          4        148          0          0         96   bigflt0.o
      1910        128          0          0          0        672   btod.o
        36          4          0          0          0         76   c89vsprintf.o
        12          0          0          0          0         72   exit.o
         8          0          0          0          0         68   ferror.o
         6          0          0          0          0        152   heapauxi.o
        44         10        272          0          0         76   lc_ctype_c.o
        44         10         28          0          0         76   lc_numeric_c.o
         2          0          0          0          0          0   libinit.o
        30          0          0          0          0          0   libinit2.o
         2          0          0          0          0          0   libshutdown.o
         2          0          0          0          0          0   libshutdown2.o
         8          4          0          0         96         68   libspace.o
       138          0          0          0          0         80   lludiv10.o
        16          4          0          0          0         76   rt_ctype_table.o
         8          4          0          0          0         68   rt_locale_intlibspace.o
        68          0          0          0          0         68   rt_memclr.o
        78          0          0          0          0         80   rt_memclr_w.o
         2          0          0          0          0          0   rtexit.o
        10          0          0          0          0          0   rtexit2.o
       128          0          0          0          0         68   strcmpv7m.o
        62          0          0          0          0         76   strlen.o
        36          0          0          0          0         80   strstr.o
        74          0          0          0          0         80   sys_stackheap_outer.o
         2          0          0          0          0         68   use_no_semi.o
         2          0          0          0          0         68   use_no_semi_2.o
       826         16          0          0          0        348   daddsub_clz.o
        90          4          0          0          0         92   dfixu.o
        38          0          0          0          0         68   dflt_clz.o
       340         12          0          0          0        104   dmul.o
       156          4          0          0          0         92   dnaninf.o
        12          0          0          0          0         68   dretinf.o
         4          0          0          0          0         68   printf1.o
         0          0          0          0          0          0   usenofp.o
        40          0          0          0          0         68   fpclassify.o

    ----------------------------------------------------------------------
      7704        296        514          0        100       5228   Library Totals
        14          0          1          0          4          0   (incl. Padding)

    ----------------------------------------------------------------------

      Code (inc. data)   RO Data    RW Data    ZI Data      Debug   Library Name

      6184        260        513          0         96       4320   c_w.l
      1466         36          0          0          0        840   fz_ws.l
        40          0          0          0          0         68   m_ws.l

    ----------------------------------------------------------------------
      7704        296        514          0        100       5228   Library Totals

    ----------------------------------------------------------------------

==============================================================================


      Code (inc. data)   RO Data    RW Data    ZI Data      Debug   

     56576       3712       6260        276       7780     631058   Grand Totals
     56576       3712       6260        276       7780     631058   ELF Image Totals
     56576       3712       6260        276          0          0   ROM Totals

==============================================================================

    Total RO  Size (Code + RO Data)                62836 (  61.36kB)
    Total RW  Size (RW Data + ZI Data)              8056 (   7.87kB)
    Total ROM Size (Code + RO Data + RW Data)      63112 (  61.63kB)

==============================================================================

